###############################################################################
#
# IAR ELF Linker V7.50.3.10732/W32 for ARM                29/Sep/2019  15:21:50
# Copyright 2007-2016 IAR Systems AB.
#
#    Output file  =  
#        F:\AMAE\AM1026\LED_Module\BIG_LED_update\Debug\Exe\BIG_LED.out
#    Map file     =  
#        F:\AMAE\AM1026\LED_Module\BIG_LED_update\Debug\List\BIG_LED.map
#    Command line =  
#        F:\AMAE\AM1026\LED_Module\BIG_LED_update\Debug\Obj\api_lib.o
#        F:\AMAE\AM1026\LED_Module\BIG_LED_update\Debug\Obj\api_msg.o
#        F:\AMAE\AM1026\LED_Module\BIG_LED_update\Debug\Obj\arc4.o
#        F:\AMAE\AM1026\LED_Module\BIG_LED_update\Debug\Obj\auth.o
#        F:\AMAE\AM1026\LED_Module\BIG_LED_update\Debug\Obj\autoip.o
#        F:\AMAE\AM1026\LED_Module\BIG_LED_update\Debug\Obj\ccp.o
#        F:\AMAE\AM1026\LED_Module\BIG_LED_update\Debug\Obj\chap-md5.o
#        F:\AMAE\AM1026\LED_Module\BIG_LED_update\Debug\Obj\chap-new.o
#        F:\AMAE\AM1026\LED_Module\BIG_LED_update\Debug\Obj\chap_ms.o
#        F:\AMAE\AM1026\LED_Module\BIG_LED_update\Debug\Obj\cmsis_os.o
#        F:\AMAE\AM1026\LED_Module\BIG_LED_update\Debug\Obj\croutine.o
#        F:\AMAE\AM1026\LED_Module\BIG_LED_update\Debug\Obj\def.o
#        F:\AMAE\AM1026\LED_Module\BIG_LED_update\Debug\Obj\delay.o
#        F:\AMAE\AM1026\LED_Module\BIG_LED_update\Debug\Obj\demand.o
#        F:\AMAE\AM1026\LED_Module\BIG_LED_update\Debug\Obj\des.o
#        F:\AMAE\AM1026\LED_Module\BIG_LED_update\Debug\Obj\dhcp.o
#        F:\AMAE\AM1026\LED_Module\BIG_LED_update\Debug\Obj\dhcp6.o
#        F:\AMAE\AM1026\LED_Module\BIG_LED_update\Debug\Obj\dns.o
#        F:\AMAE\AM1026\LED_Module\BIG_LED_update\Debug\Obj\eap.o
#        F:\AMAE\AM1026\LED_Module\BIG_LED_update\Debug\Obj\ecp.o
#        F:\AMAE\AM1026\LED_Module\BIG_LED_update\Debug\Obj\err.o
#        F:\AMAE\AM1026\LED_Module\BIG_LED_update\Debug\Obj\etharp.o
#        F:\AMAE\AM1026\LED_Module\BIG_LED_update\Debug\Obj\ethernet.o
#        F:\AMAE\AM1026\LED_Module\BIG_LED_update\Debug\Obj\ethernetif.o
#        F:\AMAE\AM1026\LED_Module\BIG_LED_update\Debug\Obj\ethip6.o
#        F:\AMAE\AM1026\LED_Module\BIG_LED_update\Debug\Obj\eui64.o
#        F:\AMAE\AM1026\LED_Module\BIG_LED_update\Debug\Obj\event_groups.o
#        F:\AMAE\AM1026\LED_Module\BIG_LED_update\Debug\Obj\fsm.o
#        F:\AMAE\AM1026\LED_Module\BIG_LED_update\Debug\Obj\heap_4.o
#        F:\AMAE\AM1026\LED_Module\BIG_LED_update\Debug\Obj\httpserver-socket.o
#        F:\AMAE\AM1026\LED_Module\BIG_LED_update\Debug\Obj\icmp.o
#        F:\AMAE\AM1026\LED_Module\BIG_LED_update\Debug\Obj\icmp6.o
#        F:\AMAE\AM1026\LED_Module\BIG_LED_update\Debug\Obj\igmp.o
#        F:\AMAE\AM1026\LED_Module\BIG_LED_update\Debug\Obj\inet6.o
#        F:\AMAE\AM1026\LED_Module\BIG_LED_update\Debug\Obj\inet_chksum.o
#        F:\AMAE\AM1026\LED_Module\BIG_LED_update\Debug\Obj\init.o
#        F:\AMAE\AM1026\LED_Module\BIG_LED_update\Debug\Obj\ip.o
#        F:\AMAE\AM1026\LED_Module\BIG_LED_update\Debug\Obj\ip4.o
#        F:\AMAE\AM1026\LED_Module\BIG_LED_update\Debug\Obj\ip4_addr.o
#        F:\AMAE\AM1026\LED_Module\BIG_LED_update\Debug\Obj\ip4_frag.o
#        F:\AMAE\AM1026\LED_Module\BIG_LED_update\Debug\Obj\ip6.o
#        F:\AMAE\AM1026\LED_Module\BIG_LED_update\Debug\Obj\ip6_addr.o
#        F:\AMAE\AM1026\LED_Module\BIG_LED_update\Debug\Obj\ip6_frag.o
#        F:\AMAE\AM1026\LED_Module\BIG_LED_update\Debug\Obj\ipcp.o
#        F:\AMAE\AM1026\LED_Module\BIG_LED_update\Debug\Obj\ipv6cp.o
#        F:\AMAE\AM1026\LED_Module\BIG_LED_update\Debug\Obj\lcp.o
#        F:\AMAE\AM1026\LED_Module\BIG_LED_update\Debug\Obj\led.o
#        F:\AMAE\AM1026\LED_Module\BIG_LED_update\Debug\Obj\list.o
#        F:\AMAE\AM1026\LED_Module\BIG_LED_update\Debug\Obj\lowpan6.o
#        F:\AMAE\AM1026\LED_Module\BIG_LED_update\Debug\Obj\magic.o
#        F:\AMAE\AM1026\LED_Module\BIG_LED_update\Debug\Obj\main.o
#        F:\AMAE\AM1026\LED_Module\BIG_LED_update\Debug\Obj\md4.o
#        F:\AMAE\AM1026\LED_Module\BIG_LED_update\Debug\Obj\md5.o
#        F:\AMAE\AM1026\LED_Module\BIG_LED_update\Debug\Obj\mem.o
#        F:\AMAE\AM1026\LED_Module\BIG_LED_update\Debug\Obj\memp.o
#        F:\AMAE\AM1026\LED_Module\BIG_LED_update\Debug\Obj\mld6.o
#        F:\AMAE\AM1026\LED_Module\BIG_LED_update\Debug\Obj\mppe.o
#        F:\AMAE\AM1026\LED_Module\BIG_LED_update\Debug\Obj\multilink.o
#        F:\AMAE\AM1026\LED_Module\BIG_LED_update\Debug\Obj\nd6.o
#        F:\AMAE\AM1026\LED_Module\BIG_LED_update\Debug\Obj\netbuf.o
#        F:\AMAE\AM1026\LED_Module\BIG_LED_update\Debug\Obj\netdb.o
#        F:\AMAE\AM1026\LED_Module\BIG_LED_update\Debug\Obj\netif.o
#        F:\AMAE\AM1026\LED_Module\BIG_LED_update\Debug\Obj\netifapi.o
#        F:\AMAE\AM1026\LED_Module\BIG_LED_update\Debug\Obj\pbuf.o
#        F:\AMAE\AM1026\LED_Module\BIG_LED_update\Debug\Obj\port.o
#        F:\AMAE\AM1026\LED_Module\BIG_LED_update\Debug\Obj\portasm.o
#        F:\AMAE\AM1026\LED_Module\BIG_LED_update\Debug\Obj\ppp.o
#        F:\AMAE\AM1026\LED_Module\BIG_LED_update\Debug\Obj\pppapi.o
#        F:\AMAE\AM1026\LED_Module\BIG_LED_update\Debug\Obj\pppcrypt.o
#        F:\AMAE\AM1026\LED_Module\BIG_LED_update\Debug\Obj\pppoe.o
#        F:\AMAE\AM1026\LED_Module\BIG_LED_update\Debug\Obj\pppol2tp.o
#        F:\AMAE\AM1026\LED_Module\BIG_LED_update\Debug\Obj\pppos.o
#        F:\AMAE\AM1026\LED_Module\BIG_LED_update\Debug\Obj\queue.o
#        F:\AMAE\AM1026\LED_Module\BIG_LED_update\Debug\Obj\raw.o
#        F:\AMAE\AM1026\LED_Module\BIG_LED_update\Debug\Obj\sha1.o
#        F:\AMAE\AM1026\LED_Module\BIG_LED_update\Debug\Obj\slipif.o
#        F:\AMAE\AM1026\LED_Module\BIG_LED_update\Debug\Obj\sockets.o
#        F:\AMAE\AM1026\LED_Module\BIG_LED_update\Debug\Obj\startup_stm32f407xx.o
#        F:\AMAE\AM1026\LED_Module\BIG_LED_update\Debug\Obj\stats.o
#        F:\AMAE\AM1026\LED_Module\BIG_LED_update\Debug\Obj\stm32f4xx_hal.o
#        F:\AMAE\AM1026\LED_Module\BIG_LED_update\Debug\Obj\stm32f4xx_hal_adc.o
#        F:\AMAE\AM1026\LED_Module\BIG_LED_update\Debug\Obj\stm32f4xx_hal_adc_ex.o
#        F:\AMAE\AM1026\LED_Module\BIG_LED_update\Debug\Obj\stm32f4xx_hal_can.o
#        F:\AMAE\AM1026\LED_Module\BIG_LED_update\Debug\Obj\stm32f4xx_hal_cec.o
#        F:\AMAE\AM1026\LED_Module\BIG_LED_update\Debug\Obj\stm32f4xx_hal_cortex.o
#        F:\AMAE\AM1026\LED_Module\BIG_LED_update\Debug\Obj\stm32f4xx_hal_crc.o
#        F:\AMAE\AM1026\LED_Module\BIG_LED_update\Debug\Obj\stm32f4xx_hal_cryp.o
#        F:\AMAE\AM1026\LED_Module\BIG_LED_update\Debug\Obj\stm32f4xx_hal_cryp_ex.o
#        F:\AMAE\AM1026\LED_Module\BIG_LED_update\Debug\Obj\stm32f4xx_hal_dac.o
#        F:\AMAE\AM1026\LED_Module\BIG_LED_update\Debug\Obj\stm32f4xx_hal_dac_ex.o
#        F:\AMAE\AM1026\LED_Module\BIG_LED_update\Debug\Obj\stm32f4xx_hal_dcmi.o
#        F:\AMAE\AM1026\LED_Module\BIG_LED_update\Debug\Obj\stm32f4xx_hal_dcmi_ex.o
#        F:\AMAE\AM1026\LED_Module\BIG_LED_update\Debug\Obj\stm32f4xx_hal_dfsdm.o
#        F:\AMAE\AM1026\LED_Module\BIG_LED_update\Debug\Obj\stm32f4xx_hal_dma.o
#        F:\AMAE\AM1026\LED_Module\BIG_LED_update\Debug\Obj\stm32f4xx_hal_dma2d.o
#        F:\AMAE\AM1026\LED_Module\BIG_LED_update\Debug\Obj\stm32f4xx_hal_dma_ex.o
#        F:\AMAE\AM1026\LED_Module\BIG_LED_update\Debug\Obj\stm32f4xx_hal_dsi.o
#        F:\AMAE\AM1026\LED_Module\BIG_LED_update\Debug\Obj\stm32f4xx_hal_eth.o
#        F:\AMAE\AM1026\LED_Module\BIG_LED_update\Debug\Obj\stm32f4xx_hal_flash.o
#        F:\AMAE\AM1026\LED_Module\BIG_LED_update\Debug\Obj\stm32f4xx_hal_flash_ex.o
#        F:\AMAE\AM1026\LED_Module\BIG_LED_update\Debug\Obj\stm32f4xx_hal_flash_ramfunc.o
#        F:\AMAE\AM1026\LED_Module\BIG_LED_update\Debug\Obj\stm32f4xx_hal_fmpi2c.o
#        F:\AMAE\AM1026\LED_Module\BIG_LED_update\Debug\Obj\stm32f4xx_hal_fmpi2c_ex.o
#        F:\AMAE\AM1026\LED_Module\BIG_LED_update\Debug\Obj\stm32f4xx_hal_gpio.o
#        F:\AMAE\AM1026\LED_Module\BIG_LED_update\Debug\Obj\stm32f4xx_hal_hash.o
#        F:\AMAE\AM1026\LED_Module\BIG_LED_update\Debug\Obj\stm32f4xx_hal_hash_ex.o
#        F:\AMAE\AM1026\LED_Module\BIG_LED_update\Debug\Obj\stm32f4xx_hal_hcd.o
#        F:\AMAE\AM1026\LED_Module\BIG_LED_update\Debug\Obj\stm32f4xx_hal_i2c.o
#        F:\AMAE\AM1026\LED_Module\BIG_LED_update\Debug\Obj\stm32f4xx_hal_i2c_ex.o
#        F:\AMAE\AM1026\LED_Module\BIG_LED_update\Debug\Obj\stm32f4xx_hal_i2s.o
#        F:\AMAE\AM1026\LED_Module\BIG_LED_update\Debug\Obj\stm32f4xx_hal_i2s_ex.o
#        F:\AMAE\AM1026\LED_Module\BIG_LED_update\Debug\Obj\stm32f4xx_hal_irda.o
#        F:\AMAE\AM1026\LED_Module\BIG_LED_update\Debug\Obj\stm32f4xx_hal_iwdg.o
#        F:\AMAE\AM1026\LED_Module\BIG_LED_update\Debug\Obj\stm32f4xx_hal_lptim.o
#        F:\AMAE\AM1026\LED_Module\BIG_LED_update\Debug\Obj\stm32f4xx_hal_ltdc.o
#        F:\AMAE\AM1026\LED_Module\BIG_LED_update\Debug\Obj\stm32f4xx_hal_ltdc_ex.o
#        F:\AMAE\AM1026\LED_Module\BIG_LED_update\Debug\Obj\stm32f4xx_hal_mmc.o
#        F:\AMAE\AM1026\LED_Module\BIG_LED_update\Debug\Obj\stm32f4xx_hal_nand.o
#        F:\AMAE\AM1026\LED_Module\BIG_LED_update\Debug\Obj\stm32f4xx_hal_nor.o
#        F:\AMAE\AM1026\LED_Module\BIG_LED_update\Debug\Obj\stm32f4xx_hal_pccard.o
#        F:\AMAE\AM1026\LED_Module\BIG_LED_update\Debug\Obj\stm32f4xx_hal_pcd.o
#        F:\AMAE\AM1026\LED_Module\BIG_LED_update\Debug\Obj\stm32f4xx_hal_pcd_ex.o
#        F:\AMAE\AM1026\LED_Module\BIG_LED_update\Debug\Obj\stm32f4xx_hal_pwr.o
#        F:\AMAE\AM1026\LED_Module\BIG_LED_update\Debug\Obj\stm32f4xx_hal_pwr_ex.o
#        F:\AMAE\AM1026\LED_Module\BIG_LED_update\Debug\Obj\stm32f4xx_hal_qspi.o
#        F:\AMAE\AM1026\LED_Module\BIG_LED_update\Debug\Obj\stm32f4xx_hal_rcc.o
#        F:\AMAE\AM1026\LED_Module\BIG_LED_update\Debug\Obj\stm32f4xx_hal_rcc_ex.o
#        F:\AMAE\AM1026\LED_Module\BIG_LED_update\Debug\Obj\stm32f4xx_hal_rng.o
#        F:\AMAE\AM1026\LED_Module\BIG_LED_update\Debug\Obj\stm32f4xx_hal_rtc.o
#        F:\AMAE\AM1026\LED_Module\BIG_LED_update\Debug\Obj\stm32f4xx_hal_rtc_ex.o
#        F:\AMAE\AM1026\LED_Module\BIG_LED_update\Debug\Obj\stm32f4xx_hal_sai.o
#        F:\AMAE\AM1026\LED_Module\BIG_LED_update\Debug\Obj\stm32f4xx_hal_sai_ex.o
#        F:\AMAE\AM1026\LED_Module\BIG_LED_update\Debug\Obj\stm32f4xx_hal_sd.o
#        F:\AMAE\AM1026\LED_Module\BIG_LED_update\Debug\Obj\stm32f4xx_hal_sdram.o
#        F:\AMAE\AM1026\LED_Module\BIG_LED_update\Debug\Obj\stm32f4xx_hal_smartcard.o
#        F:\AMAE\AM1026\LED_Module\BIG_LED_update\Debug\Obj\stm32f4xx_hal_spdifrx.o
#        F:\AMAE\AM1026\LED_Module\BIG_LED_update\Debug\Obj\stm32f4xx_hal_spi.o
#        F:\AMAE\AM1026\LED_Module\BIG_LED_update\Debug\Obj\stm32f4xx_hal_sram.o
#        F:\AMAE\AM1026\LED_Module\BIG_LED_update\Debug\Obj\stm32f4xx_hal_tim.o
#        F:\AMAE\AM1026\LED_Module\BIG_LED_update\Debug\Obj\stm32f4xx_hal_tim_ex.o
#        F:\AMAE\AM1026\LED_Module\BIG_LED_update\Debug\Obj\stm32f4xx_hal_timebase_tim.o
#        F:\AMAE\AM1026\LED_Module\BIG_LED_update\Debug\Obj\stm32f4xx_hal_uart.o
#        F:\AMAE\AM1026\LED_Module\BIG_LED_update\Debug\Obj\stm32f4xx_hal_usart.o
#        F:\AMAE\AM1026\LED_Module\BIG_LED_update\Debug\Obj\stm32f4xx_hal_wwdg.o
#        F:\AMAE\AM1026\LED_Module\BIG_LED_update\Debug\Obj\stm32f4xx_it.o
#        F:\AMAE\AM1026\LED_Module\BIG_LED_update\Debug\Obj\stm32f4xx_ll_adc.o
#        F:\AMAE\AM1026\LED_Module\BIG_LED_update\Debug\Obj\stm32f4xx_ll_crc.o
#        F:\AMAE\AM1026\LED_Module\BIG_LED_update\Debug\Obj\stm32f4xx_ll_dac.o
#        F:\AMAE\AM1026\LED_Module\BIG_LED_update\Debug\Obj\stm32f4xx_ll_dma.o
#        F:\AMAE\AM1026\LED_Module\BIG_LED_update\Debug\Obj\stm32f4xx_ll_dma2d.o
#        F:\AMAE\AM1026\LED_Module\BIG_LED_update\Debug\Obj\stm32f4xx_ll_exti.o
#        F:\AMAE\AM1026\LED_Module\BIG_LED_update\Debug\Obj\stm32f4xx_ll_fmc.o
#        F:\AMAE\AM1026\LED_Module\BIG_LED_update\Debug\Obj\stm32f4xx_ll_fsmc.o
#        F:\AMAE\AM1026\LED_Module\BIG_LED_update\Debug\Obj\stm32f4xx_ll_gpio.o
#        F:\AMAE\AM1026\LED_Module\BIG_LED_update\Debug\Obj\stm32f4xx_ll_i2c.o
#        F:\AMAE\AM1026\LED_Module\BIG_LED_update\Debug\Obj\stm32f4xx_ll_lptim.o
#        F:\AMAE\AM1026\LED_Module\BIG_LED_update\Debug\Obj\stm32f4xx_ll_pwr.o
#        F:\AMAE\AM1026\LED_Module\BIG_LED_update\Debug\Obj\stm32f4xx_ll_rcc.o
#        F:\AMAE\AM1026\LED_Module\BIG_LED_update\Debug\Obj\stm32f4xx_ll_rng.o
#        F:\AMAE\AM1026\LED_Module\BIG_LED_update\Debug\Obj\stm32f4xx_ll_rtc.o
#        F:\AMAE\AM1026\LED_Module\BIG_LED_update\Debug\Obj\stm32f4xx_ll_sdmmc.o
#        F:\AMAE\AM1026\LED_Module\BIG_LED_update\Debug\Obj\stm32f4xx_ll_spi.o
#        F:\AMAE\AM1026\LED_Module\BIG_LED_update\Debug\Obj\stm32f4xx_ll_tim.o
#        F:\AMAE\AM1026\LED_Module\BIG_LED_update\Debug\Obj\stm32f4xx_ll_usart.o
#        F:\AMAE\AM1026\LED_Module\BIG_LED_update\Debug\Obj\stm32f4xx_ll_usb.o
#        F:\AMAE\AM1026\LED_Module\BIG_LED_update\Debug\Obj\stm32f4xx_ll_utils.o
#        F:\AMAE\AM1026\LED_Module\BIG_LED_update\Debug\Obj\sys.o
#        F:\AMAE\AM1026\LED_Module\BIG_LED_update\Debug\Obj\sys_arch.o
#        F:\AMAE\AM1026\LED_Module\BIG_LED_update\Debug\Obj\system_stm32f4xx.o
#        F:\AMAE\AM1026\LED_Module\BIG_LED_update\Debug\Obj\tasks.o
#        F:\AMAE\AM1026\LED_Module\BIG_LED_update\Debug\Obj\tcp.o
#        F:\AMAE\AM1026\LED_Module\BIG_LED_update\Debug\Obj\tcp_in.o
#        F:\AMAE\AM1026\LED_Module\BIG_LED_update\Debug\Obj\tcp_out.o
#        F:\AMAE\AM1026\LED_Module\BIG_LED_update\Debug\Obj\tcpip.o
#        F:\AMAE\AM1026\LED_Module\BIG_LED_update\Debug\Obj\timeouts.o
#        F:\AMAE\AM1026\LED_Module\BIG_LED_update\Debug\Obj\timers.o
#        F:\AMAE\AM1026\LED_Module\BIG_LED_update\Debug\Obj\udp.o
#        F:\AMAE\AM1026\LED_Module\BIG_LED_update\Debug\Obj\udpclient.o
#        F:\AMAE\AM1026\LED_Module\BIG_LED_update\Debug\Obj\udpserver.o
#        F:\AMAE\AM1026\LED_Module\BIG_LED_update\Debug\Obj\upap.o
#        F:\AMAE\AM1026\LED_Module\BIG_LED_update\Debug\Obj\utils.o
#        F:\AMAE\AM1026\LED_Module\BIG_LED_update\Debug\Obj\vj.o -o
#        F:\AMAE\AM1026\LED_Module\BIG_LED_update\Debug\Exe\BIG_LED.out
#        --redirect _Printf=_PrintfFull --redirect _Scanf=_ScanfFull --map
#        F:\AMAE\AM1026\LED_Module\BIG_LED_update\Debug\List\BIG_LED.map
#        --config "D:\IAR Systems\Embedded Workbench
#        7.3\arm\config\linker\ST\stm32f407xG.icf" --semihosting --entry
#        __iar_program_start --vfe
#
###############################################################################

*******************************************************************************
*** RUNTIME MODEL ATTRIBUTES
***

CppFlavor       = *
__SystemLibrary = DLib


*******************************************************************************
*** PLACEMENT SUMMARY
***

"A1":  place at 0x08000000 { ro section .intvec };
"P1":  place in [from 0x08000000 to 0x080fffff] { ro };
"P2":  place in [from 0x20000000 to 0x2001ffff] { rw, block CSTACK, block HEAP };

  Section             Kind        Address     Size  Object
  -------             ----        -------     ----  ------
"A1":                                        0x188
  .intvec             ro code  0x08000000    0x188  startup_stm32f407xx.o [1]
                             - 0x08000188    0x188

"P1":                                      0x136f2
  .text               ro code  0x08000188   0x16c0  tcp_in.o [1]
  .text               ro code  0x08001848    0x950  pbuf.o [1]
  .text               ro code  0x08002198     0x4c  ip4_addr.o [1]
  .text               ro code  0x080021e4     0x26  def.o [1]
  .text               ro code  0x0800220a     0x1e  xsscin.o [3]
  .text               ro code  0x08002228     0x24  printf.o [3]
  .text               ro code  0x0800224c    0xda8  tcp.o [1]
  .text               ro code  0x08002ff4    0xa6c  tcp_out.o [1]
  .text               ro code  0x08003a60    0x134  memp.o [1]
  .text               ro code  0x08003b94    0x260  timeouts.o [1]
  .text               ro code  0x08003df4    0x534  mem.o [1]
  .text               ro code  0x08004328    0x144  sys_arch.o [1]
  .text               ro code  0x0800446c     0x76  ABImemcpy_unaligned.o [5]
  .text               ro code  0x080044e2      0xa  xsprout.o [3]
  .text               ro code  0x080044ec    0xda6  xprintffull.o [3]
  .text               ro code  0x08005294     0x66  ABImemset.o [5]
  .text               ro code  0x080052fc    0x3d4  ip4.o [1]
  .text               ro code  0x080056d0    0x6d6  ethernetif.o [1]
  .text               ro code  0x08005da8    0x38c  cmsis_os.o [1]
  .text               ro code  0x08006134      0x6  ABImemclr4.o [5]
  .text               ro code  0x0800613c     0x16  strchr.o [5]
  .text               ro code  0x08006154     0x36  strlen.o [5]
  .text               ro code  0x0800618c     0x58  memchr.o [5]
  .text               ro code  0x080061e4     0xee  I64DivMod.o [5]
  .text               ro code  0x080062d2     0x42  xdnorm.o [4]
  .text               ro code  0x08006314     0x2e  DblCmpLe.o [4]
  .text               ro code  0x08006344     0x2e  DblCmpGe.o [4]
  .text               ro code  0x08006374    0x114  xdscale.o [4]
  .text               ro code  0x08006488     0x58  DblToI32.o [4]
  .text               ro code  0x080064e0     0x30  I32ToDbl.o [4]
  .text               ro code  0x08006510    0x180  DblSub.o [4]
  .text               ro code  0x08006690    0x1a2  DblMul.o [4]
  .text               ro code  0x08006834    0x256  DblDiv.o [4]
  .text               ro code  0x08006a8a      0xe  div.o [3]
  .text               ro code  0x08006a98    0x8e4  ip4_frag.o [1]
  .text               ro code  0x0800737c    0x478  udp.o [1]
  .text               ro code  0x080077f4    0x274  icmp.o [1]
  .text               ro code  0x08007a68    0x228  stm32f4xx_hal_gpio.o [1]
  .text               ro code  0x08007c90     0xe4  stm32f4xx_hal_cortex.o [1]
  .text               ro code  0x08007d74    0xd44  stm32f4xx_hal_eth.o [1]
  .text               ro code  0x08008ab8    0x228  netif.o [1]
  .text               ro code  0x08008ce0     0x80  stm32f4xx_hal.o [1]
  .text               ro code  0x08008d60    0xb50  tasks.o [1]
  .text               ro code  0x080098b0    0x860  queue.o [1]
  .text               ro code  0x0800a110    0x254  port.o [1]
  .text               ro code  0x0800a364     0x32  ABImemset48.o [5]
  .text               ro code  0x0800a398      0x2  I64DivZer.o [5]
  .text               ro code  0x0800a39c     0xe8  DblAdd.o [4]
  .text               ro code  0x0800a484     0xba  inet_chksum.o [1]
  .text               ro code  0x0800a540    0x718  stm32f4xx_hal_rcc.o [1]
  .text               ro code  0x0800ac58    0xb7c  etharp.o [1]
  .text               ro code  0x0800b7d4    0xd44  dhcp.o [1]
  .text               ro code  0x0800c518     0xb0  stm32f4xx_hal_timebase_tim.o [1]
  .text               ro code  0x0800c5c8    0x25c  heap_4.o [1]
  .text               ro code  0x0800c824     0x98  list.o [1]
  CODE                ro code  0x0800c8bc     0xa8  portasm.o [1]
  .text               ro code  0x0800c964    0x134  ethernet.o [1]
  .text               ro code  0x0800ca98     0xe0  rand.o [3]
  .text               ro code  0x0800cb78    0x2e4  stm32f4xx_hal_tim.o [1]
  .text               ro code  0x0800ce5c     0x62  memcmp_unaligned.o [5]
  .text               ro code  0x0800cebe      0x2  xtls.o [3]
  .text               ro code  0x0800cec0      0x4  stm32f4xx_hal_tim_ex.o [1]
  .rodata             const    0x0800cec4   0x1518  led.o [1]
  .text               ro code  0x0800e3dc    0xb5c  xscanffull.o [3]
  .text               ro code  0x0800ef38     0xa2  xstoll.o [3]
  .text               ro code  0x0800efdc    0x1b4  xstoull.o [3]
  .text               ro code  0x0800f190    0x168  xstold.o [4]
  .text               ro code  0x0800f2f8     0x90  DblToFlt.o [4]
  .text               ro code  0x0800f388      0xc  errno.o [3]
  .text               ro code  0x0800f394    0x120  xstopfx.o [3]
  .text               ro code  0x0800f4b4    0x1b0  xstoflt.o [3]
  .rodata             const    0x0800f664     0x6c  udpserver.o [1]
  .text               ro code  0x0800f6d0    0x200  xdtento.o [4]
  .text               ro code  0x0800f8d0    0x200  xstoxflt.o [3]
  .text               ro code  0x0800fad0     0x20  DblCmpEq.o [4]
  .text               ro code  0x0800faf0     0x52  xdunscal.o [4]
  .text               ro code  0x0800fb44    0xb4e  led.o [1]
  .text               ro code  0x08010694     0x4e  FltToDbl.o [4]
  .text               ro code  0x080106e4     0x34  sprintf.o [3]
  .rodata             const    0x08010718    0x5f0  led.o [1]
  .text               ro code  0x08010d08    0x320  udpserver.o [1]
  .text               ro code  0x08011028     0x24  sscanf.o [3]
  .text               ro code  0x0801104c    0x224  main.o [1]
  .text               ro code  0x08011270    0x1a0  tcpip.o [1]
  .text               ro code  0x08011410     0x48  init.o [1]
  .text               ro code  0x08011458     0x6c  system_stm32f4xx.o [1]
  .text               ro code  0x080114c4     0x6c  iarttio.o [6]
  .text               ro code  0x08011530      0x8  XShttio.o [3]
  .rodata             const    0x08011538     0x58  tcp_out.o [1]
  .rodata             const    0x08011590     0x48  dhcp.o [1]
  .rodata             const    0x080115d8     0x44  dhcp.o [1]
  .rodata             const    0x0801161c     0x44  etharp.o [1]
  .rodata             const    0x08011660     0x44  etharp.o [1]
  .rodata             const    0x080116a4     0x44  ethernetif.o [1]
  .rodata             const    0x080116e8     0x44  init.o [1]
  .rodata             const    0x0801172c     0x44  ip4_frag.o [1]
  .rodata             const    0x08011770     0x40  dhcp.o [1]
  .rodata             const    0x080117b0     0x40  dhcp.o [1]
  .rodata             const    0x080117f0     0x40  dhcp.o [1]
  .rodata             const    0x08011830     0x40  dhcp.o [1]
  .rodata             const    0x08011870     0x40  etharp.o [1]
  .rodata             const    0x080118b0     0x40  ethernet.o [1]
  .rodata             const    0x080118f0     0x40  icmp.o [1]
  .rodata             const    0x08011930     0x40  ip4.o [1]
  .rodata             const    0x08011970     0x40  tcp_in.o [1]
  .rodata             const    0x080119b0     0x40  tcp_out.o [1]
  .rodata             const    0x080119f0     0x40  timeouts.o [1]
  .rodata             const    0x08011a30     0x40  timeouts.o [1]
  .text               ro code  0x08011a70     0x40  zero_init3.o [5]
  .rodata             const    0x08011ab0     0x3c  dhcp.o [1]
  .rodata             const    0x08011aec     0x3c  init.o [1]
  .rodata             const    0x08011b28     0x3c  mem.o [1]
  .rodata             const    0x08011b64     0x3c  memp.o [1]
  .rodata             const    0x08011ba0     0x3c  netif.o [1]
  .rodata             const    0x08011bdc     0x3c  pbuf.o [1]
  .rodata             const    0x08011c18     0x3c  tcp.o [1]
  .rodata             const    0x08011c54     0x3c  tcp_out.o [1]
  .rodata             const    0x08011c90     0x3c  tcpip.o [1]
  .rodata             const    0x08011ccc     0x3c  udp.o [1]
  .rodata             const    0x08011d08     0x38  icmp.o [1]
  .rodata             const    0x08011d40     0x38  ip4_frag.o [1]
  .rodata             const    0x08011d78     0x38  pbuf.o [1]
  .rodata             const    0x08011db0     0x38  tcp_in.o [1]
  .text               ro code  0x08011de8     0x38  packbits_init_single.o [5]
  .rodata             const    0x08011e20     0x34  etharp.o [1]
  .rodata             const    0x08011e54     0x34  ethernet.o [1]
  .rodata             const    0x08011e88     0x34  icmp.o [1]
  .rodata             const    0x08011ebc     0x34  memp.o [1]
  .rodata             const    0x08011ef0     0x34  pbuf.o [1]
  .rodata             const    0x08011f24     0x34  pbuf.o [1]
  .rodata             const    0x08011f58     0x34  tcp.o [1]
  .rodata             const    0x08011f8c     0x30  etharp.o [1]
  .rodata             const    0x08011fbc     0x30  ip4.o [1]
  .rodata             const    0x08011fec     0x30  mem.o [1]
  .rodata             const    0x0801201c     0x30  mem.o [1]
  .rodata             const    0x0801204c     0x30  pbuf.o [1]
  .rodata             const    0x0801207c     0x30  pbuf.o [1]
  .rodata             const    0x080120ac     0x30  pbuf.o [1]
  .rodata             const    0x080120dc     0x30  pbuf.o [1]
  .rodata             const    0x0801210c     0x30  tcp.o [1]
  .rodata             const    0x0801213c     0x30  tcp.o [1]
  .rodata             const    0x0801216c     0x30  tcp_in.o [1]
  .rodata             const    0x0801219c     0x30  tcp_out.o [1]
  .rodata             const    0x080121cc     0x30  udp.o [1]
  .rodata             const    0x080121fc     0x2c  dhcp.o [1]
  .rodata             const    0x08012228     0x2c  etharp.o [1]
  .rodata             const    0x08012254     0x2c  icmp.o [1]
  .rodata             const    0x08012280     0x2c  mem.o [1]
  .rodata             const    0x080122ac     0x2c  pbuf.o [1]
  .rodata             const    0x080122d8     0x2c  pbuf.o [1]
  .rodata             const    0x08012304     0x2c  tcp.o [1]
  .rodata             const    0x08012330     0x2c  tcp.o [1]
  .rodata             const    0x0801235c     0x2c  tcp.o [1]
  .rodata             const    0x08012388     0x2c  tcp.o [1]
  .rodata             const    0x080123b4     0x2c  tcp_in.o [1]
  .rodata             const    0x080123e0     0x2c  tcp_in.o [1]
  .rodata             const    0x0801240c     0x2c  tcp_in.o [1]
  .rodata             const    0x08012438     0x2c  tcp_out.o [1]
  .rodata             const    0x08012464     0x28  dhcp.o [1]
  .rodata             const    0x0801248c     0x28  dhcp.o [1]
  .rodata             const    0x080124b4     0x28  dhcp.o [1]
  .rodata             const    0x080124dc     0x28  dhcp.o [1]
  .rodata             const    0x08012504     0x28  dhcp.o [1]
  .rodata             const    0x0801252c     0x28  etharp.o [1]
  .rodata             const    0x08012554     0x28  etharp.o [1]
  .rodata             const    0x0801257c     0x28  ethernet.o [1]
  .rodata             const    0x080125a4     0x28  ethernetif.o [1]
  .rodata             const    0x080125cc     0x28  icmp.o [1]
  .rodata             const    0x080125f4     0x28  init.o [1]
  .rodata             const    0x0801261c     0x28  ip4.o [1]
  .rodata             const    0x08012644     0x28  ip4_frag.o [1]
  .rodata             const    0x0801266c     0x28  ip4_frag.o [1]
  .rodata             const    0x08012694     0x28  mem.o [1]
  .rodata             const    0x080126bc     0x28  memp.o [1]
  .rodata             const    0x080126e4     0x28  netif.o [1]
  .rodata             const    0x0801270c     0x28  pbuf.o [1]
  .rodata             const    0x08012734     0x28  tcp.o [1]
  .rodata             const    0x0801275c     0x28  tcp.o [1]
  .rodata             const    0x08012784     0x28  tcp.o [1]
  .rodata             const    0x080127ac     0x28  tcp.o [1]
  .rodata             const    0x080127d4     0x28  tcp_in.o [1]
  .rodata             const    0x080127fc     0x28  tcp_in.o [1]
  .rodata             const    0x08012824     0x28  tcp_in.o [1]
  .rodata             const    0x0801284c     0x28  tcp_in.o [1]
  .rodata             const    0x08012874     0x28  tcp_out.o [1]
  .rodata             const    0x0801289c     0x28  tcp_out.o [1]
  .rodata             const    0x080128c4     0x28  tcp_out.o [1]
  .rodata             const    0x080128ec     0x28  tcpip.o [1]
  .rodata             const    0x08012914     0x28  timeouts.o [1]
  .rodata             const    0x0801293c     0x28  timeouts.o [1]
  .rodata             const    0x08012964     0x28  udp.o [1]
  .text               ro code  0x0801298c     0x28  putchar.o [3]
  .text               ro code  0x080129b4     0x10  write.o [6]
  .text               ro code  0x080129c4     0x1e  dwrite.o [6]
  .text               ro code  0x080129e2     0x20  iarwstd.o [6]
  .text               ro code  0x08012a02     0x22  iarwrite.o [6]
  .text               ro code  0x08012a24     0x28  data_init.o [5]
  .rodata             const    0x08012a4c     0x24  dhcp.o [1]
  .rodata             const    0x08012a70     0x24  etharp.o [1]
  .rodata             const    0x08012a94     0x24  ip4_frag.o [1]
  .rodata             const    0x08012ab8     0x24  mem.o [1]
  .rodata             const    0x08012adc     0x24  mem.o [1]
  .rodata             const    0x08012b00     0x24  memp.o [1]
  .rodata             const    0x08012b24     0x24  pbuf.o [1]
  .rodata             const    0x08012b48     0x24  pbuf.o [1]
  .rodata             const    0x08012b6c     0x24  pbuf.o [1]
  .rodata             const    0x08012b90     0x24  tcp.o [1]
  .rodata             const    0x08012bb4     0x24  tcpip.o [1]
  .rodata             const    0x08012bd8     0x24  tcpip.o [1]
  .text               ro code  0x08012bfc     0x24  stm32f4xx_it.o [1]
  .text               ro code  0x08012c20     0x22  fpinit_M.o [4]
  .iar.init_table     const    0x08012c44     0x20  - Linker created -
  .rodata             const    0x08012c64     0x20  dhcp.o [1]
  .rodata             const    0x08012c84     0x20  dhcp.o [1]
  .rodata             const    0x08012ca4     0x20  dhcp.o [1]
  .rodata             const    0x08012cc4     0x20  ip4_frag.o [1]
  .rodata             const    0x08012ce4     0x20  ip4_frag.o [1]
  .rodata             const    0x08012d04     0x20  ip4_frag.o [1]
  .rodata             const    0x08012d24     0x20  led.o [1]
  .rodata             const    0x08012d44     0x20  led.o [1]
  .rodata             const    0x08012d64     0x20  led.o [1]
  .rodata             const    0x08012d84     0x20  mem.o [1]
  .rodata             const    0x08012da4     0x20  memp.o [1]
  .rodata             const    0x08012dc4     0x20  memp.o [1]
  .rodata             const    0x08012de4     0x20  pbuf.o [1]
  .rodata             const    0x08012e04     0x20  pbuf.o [1]
  .rodata             const    0x08012e24     0x20  tcp_in.o [1]
  .rodata             const    0x08012e44     0x20  tcp_in.o [1]
  .rodata             const    0x08012e64     0x20  tcp_in.o [1]
  .rodata             const    0x08012e84     0x20  tcp_in.o [1]
  .rodata             const    0x08012ea4     0x20  tcp_in.o [1]
  .rodata             const    0x08012ec4     0x20  tcpip.o [1]
  .rodata             const    0x08012ee4     0x1c  dhcp.o [1]
  .rodata             const    0x08012f00     0x1c  etharp.o [1]
  .rodata             const    0x08012f1c     0x1c  ip4_frag.o [1]
  .rodata             const    0x08012f38     0x1c  ip4_frag.o [1]
  .rodata             const    0x08012f54     0x1c  ip4_frag.o [1]
  .rodata             const    0x08012f70     0x1c  mem.o [1]
  .rodata             const    0x08012f8c     0x1c  mem.o [1]
  .rodata             const    0x08012fa8     0x1c  mem.o [1]
  .rodata             const    0x08012fc4     0x1c  mem.o [1]
  .rodata             const    0x08012fe0     0x1c  memp.o [1]
  .rodata             const    0x08012ffc     0x1c  pbuf.o [1]
  .rodata             const    0x08013018     0x1c  pbuf.o [1]
  .rodata             const    0x08013034     0x1c  pbuf.o [1]
  .rodata             const    0x08013050     0x1c  pbuf.o [1]
  .rodata             const    0x0801306c     0x1c  pbuf.o [1]
  .rodata             const    0x08013088     0x1c  tcp.o [1]
  .rodata             const    0x080130a4     0x1c  tcp.o [1]
  .rodata             const    0x080130c0     0x1c  tcp.o [1]
  .rodata             const    0x080130dc     0x1c  tcp_in.o [1]
  .rodata             const    0x080130f8     0x1c  tcp_in.o [1]
  .text               ro code  0x08013114     0x1a  cmain.o [5]
  .text               ro code  0x0801312e      0x4  low_level_init.o [3]
  .text               ro code  0x08013132      0x4  exit.o [3]
  .text               ro code  0x08013138      0xa  cexit.o [5]
  .text               ro code  0x08013144     0x14  exit.o [6]
  .rodata             const    0x08013158     0x18  dhcp.o [1]
  .rodata             const    0x08013170     0x18  etharp.o [1]
  .rodata             const    0x08013188     0x18  mem.o [1]
  .rodata             const    0x080131a0     0x18  mem.o [1]
  .rodata             const    0x080131b8     0x18  mem.o [1]
  .rodata             const    0x080131d0     0x18  netif.o [1]
  .rodata             const    0x080131e8     0x18  pbuf.o [1]
  .rodata             const    0x08013200     0x18  pbuf.o [1]
  .rodata             const    0x08013218     0x18  pbuf.o [1]
  .rodata             const    0x08013230     0x18  pbuf.o [1]
  .rodata             const    0x08013248     0x18  pbuf.o [1]
  .rodata             const    0x08013260     0x18  tcp.o [1]
  .rodata             const    0x08013278     0x18  tcp.o [1]
  .rodata             const    0x08013290     0x18  tcp_in.o [1]
  .rodata             const    0x080132a8     0x18  tcp_out.o [1]
  .rodata             const    0x080132c0     0x18  tcp_out.o [1]
  .rodata             const    0x080132d8     0x18  tcp_out.o [1]
  .text               ro code  0x080132f0     0x16  xprout.o [3]
  .rodata             const    0x08013308     0x14  etharp.o [1]
  .rodata             const    0x0801331c     0x14  ethernetif.o [1]
  .rodata             const    0x08013330     0x14  ip4_frag.o [1]
  .rodata             const    0x08013344     0x14  main.o [1]
  .rodata             const    0x08013358     0x14  main.o [1]
  .rodata             const    0x0801336c     0x14  main.o [1]
  .rodata             const    0x08013380     0x14  main.o [1]
  .rodata             const    0x08013394     0x14  main.o [1]
  .rodata             const    0x080133a8     0x14  mem.o [1]
  .rodata             const    0x080133bc     0x14  pbuf.o [1]
  .rodata             const    0x080133d0     0x14  pbuf.o [1]
  .rodata             const    0x080133e4     0x14  pbuf.o [1]
  .rodata             const    0x080133f8     0x14  tcp_in.o [1]
  .rodata             const    0x0801340c     0x14  tcp_in.o [1]
  .rodata             const    0x08013420     0x14  udp.o [1]
  .rodata             const    0x08013434     0x10  dhcp.o [1]
  .rodata             const    0x08013444     0x10  etharp.o [1]
  .rodata             const    0x08013454     0x10  etharp.o [1]
  .rodata             const    0x08013464     0x10  ethernetif.o [1]
  .rodata             const    0x08013474     0x10  ip4_frag.o [1]
  .rodata             const    0x08013484     0x10  pbuf.o [1]
  .rodata             const    0x08013494     0x10  pbuf.o [1]
  .rodata             const    0x080134a4     0x10  pbuf.o [1]
  .rodata             const    0x080134b4     0x10  system_stm32f4xx.o [1]
  .rodata             const    0x080134c4     0x10  tcp.o [1]
  .rodata             const    0x080134d4     0x10  tcp.o [1]
  .rodata             const    0x080134e4     0x10  tcp.o [1]
  .rodata             const    0x080134f4     0x10  tcp_in.o [1]
  .rodata             const    0x08013504     0x10  tcp_in.o [1]
  .rodata             const    0x08013514     0x10  tcp_in.o [1]
  .rodata             const    0x08013524     0x10  tcp_in.o [1]
  .rodata             const    0x08013534     0x10  tcpip.o [1]
  .text               ro code  0x08013544     0x10  startup_stm32f407xx.o [1]
  .rodata             const    0x08013554      0xc  etharp.o [1]
  .rodata             const    0x08013560      0xc  ip4.o [1]
  .rodata             const    0x0801356c      0xc  ip4_frag.o [1]
  .rodata             const    0x08013578      0xc  ip4_frag.o [1]
  .rodata             const    0x08013584      0xc  ip4_frag.o [1]
  .rodata             const    0x08013590      0xc  ip4_frag.o [1]
  .rodata             const    0x0801359c      0xc  main.o [1]
  .rodata             const    0x080135a8      0xc  main.o [1]
  .rodata             const    0x080135b4      0xc  memp.o [1]
  .rodata             const    0x080135c0      0xc  memp.o [1]
  .rodata             const    0x080135cc      0xc  memp.o [1]
  .rodata             const    0x080135d8      0xc  memp.o [1]
  .rodata             const    0x080135e4      0xc  memp.o [1]
  .rodata             const    0x080135f0      0xc  memp.o [1]
  .rodata             const    0x080135fc      0xc  memp.o [1]
  .rodata             const    0x08013608      0xc  memp.o [1]
  .rodata             const    0x08013614      0xc  memp.o [1]
  .rodata             const    0x08013620      0xc  memp.o [1]
  .rodata             const    0x0801362c      0xc  memp.o [1]
  .rodata             const    0x08013638      0xc  memp.o [1]
  .rodata             const    0x08013644      0xc  memp.o [1]
  .rodata             const    0x08013650      0xc  pbuf.o [1]
  .rodata             const    0x0801365c      0xc  tcp.o [1]
  .rodata             const    0x08013668      0xc  tcp_in.o [1]
  .text               ro code  0x08013674      0xc  cstartup_M.o [5]
  .rodata             const    0x08013680      0x8  ethernet.o [1]
  .rodata             const    0x08013688      0x8  ethernet.o [1]
  .rodata             const    0x08013690      0x8  ethernetif.o [1]
  .rodata             const    0x08013698      0x8  ethernetif.o [1]
  .rodata             const    0x080136a0      0x8  led.o [1]
  .rodata             const    0x080136a8      0x8  main.o [1]
  .rodata             const    0x080136b0      0x8  main.o [1]
  .rodata             const    0x080136b8      0x8  main.o [1]
  .rodata             const    0x080136c0      0x8  sys_arch.o [1]
  .rodata             const    0x080136c8      0x8  system_stm32f4xx.o [1]
  .rodata             const    0x080136d0      0x8  tasks.o [1]
  .rodata             const    0x080136d8      0x8  tcp.o [1]
  .rodata             const    0x080136e0      0x8  tcpip.o [1]
  .rodata             const    0x080136e8      0x4  ethernetif.o [1]
  .rodata             const    0x080136ec      0x4  heap_4.o [1]
  .rodata             const    0x080136f0      0x4  ip4_addr.o [1]
  .rodata             const    0x080136f4      0x4  ip4_addr.o [1]
  .rodata             const    0x080136f8      0x4  main.o [1]
  .rodata             const    0x080136fc      0x4  port.o [1]
  .rodata             const    0x08013700      0x4  sys_arch.o [1]
  .rodata             const    0x08013704      0x4  sys_arch.o [1]
  .text               ro code  0x08013708      0x4  startup_stm32f407xx.o [1]
  .text               ro code  0x0801370c      0x4  startup_stm32f407xx.o [1]
  .text               ro code  0x08013710      0x4  startup_stm32f407xx.o [1]
  .text               ro code  0x08013714      0x4  startup_stm32f407xx.o [1]
  .text               ro code  0x08013718      0x4  startup_stm32f407xx.o [1]
  .text               ro code  0x0801371c      0x4  startup_stm32f407xx.o [1]
  .text               ro code  0x08013720      0x4  startup_stm32f407xx.o [1]
  .text               ro code  0x08013724      0x4  startup_stm32f407xx.o [1]
  .text               ro code  0x08013728      0x4  startup_stm32f407xx.o [1]
  .text               ro code  0x0801372c      0x4  startup_stm32f407xx.o [1]
  .text               ro code  0x08013730      0x4  startup_stm32f407xx.o [1]
  .text               ro code  0x08013734      0x4  startup_stm32f407xx.o [1]
  .text               ro code  0x08013738      0x4  startup_stm32f407xx.o [1]
  .text               ro code  0x0801373c      0x4  startup_stm32f407xx.o [1]
  .text               ro code  0x08013740      0x4  startup_stm32f407xx.o [1]
  .text               ro code  0x08013744      0x4  startup_stm32f407xx.o [1]
  .text               ro code  0x08013748      0x4  startup_stm32f407xx.o [1]
  .text               ro code  0x0801374c      0x4  startup_stm32f407xx.o [1]
  .text               ro code  0x08013750      0x4  startup_stm32f407xx.o [1]
  .text               ro code  0x08013754      0x4  startup_stm32f407xx.o [1]
  .text               ro code  0x08013758      0x4  startup_stm32f407xx.o [1]
  .text               ro code  0x0801375c      0x4  startup_stm32f407xx.o [1]
  .text               ro code  0x08013760      0x4  startup_stm32f407xx.o [1]
  .text               ro code  0x08013764      0x4  startup_stm32f407xx.o [1]
  .text               ro code  0x08013768      0x4  startup_stm32f407xx.o [1]
  .text               ro code  0x0801376c      0x4  startup_stm32f407xx.o [1]
  .text               ro code  0x08013770      0x4  startup_stm32f407xx.o [1]
  .text               ro code  0x08013774      0x4  startup_stm32f407xx.o [1]
  .text               ro code  0x08013778      0x4  startup_stm32f407xx.o [1]
  .text               ro code  0x0801377c      0x4  startup_stm32f407xx.o [1]
  .text               ro code  0x08013780      0x4  startup_stm32f407xx.o [1]
  .text               ro code  0x08013784      0x4  startup_stm32f407xx.o [1]
  .text               ro code  0x08013788      0x4  startup_stm32f407xx.o [1]
  .text               ro code  0x0801378c      0x4  startup_stm32f407xx.o [1]
  .text               ro code  0x08013790      0x4  startup_stm32f407xx.o [1]
  .text               ro code  0x08013794      0x4  startup_stm32f407xx.o [1]
  .text               ro code  0x08013798      0x4  startup_stm32f407xx.o [1]
  .text               ro code  0x0801379c      0x4  startup_stm32f407xx.o [1]
  .text               ro code  0x080137a0      0x4  startup_stm32f407xx.o [1]
  .text               ro code  0x080137a4      0x4  startup_stm32f407xx.o [1]
  .text               ro code  0x080137a8      0x4  startup_stm32f407xx.o [1]
  .text               ro code  0x080137ac      0x4  startup_stm32f407xx.o [1]
  .text               ro code  0x080137b0      0x4  startup_stm32f407xx.o [1]
  .text               ro code  0x080137b4      0x4  startup_stm32f407xx.o [1]
  .text               ro code  0x080137b8      0x4  startup_stm32f407xx.o [1]
  .text               ro code  0x080137bc      0x4  startup_stm32f407xx.o [1]
  .text               ro code  0x080137c0      0x4  startup_stm32f407xx.o [1]
  .text               ro code  0x080137c4      0x4  startup_stm32f407xx.o [1]
  .text               ro code  0x080137c8      0x4  startup_stm32f407xx.o [1]
  .text               ro code  0x080137cc      0x4  startup_stm32f407xx.o [1]
  .text               ro code  0x080137d0      0x4  startup_stm32f407xx.o [1]
  .text               ro code  0x080137d4      0x4  startup_stm32f407xx.o [1]
  .text               ro code  0x080137d8      0x4  startup_stm32f407xx.o [1]
  .text               ro code  0x080137dc      0x4  startup_stm32f407xx.o [1]
  .text               ro code  0x080137e0      0x4  startup_stm32f407xx.o [1]
  .text               ro code  0x080137e4      0x4  startup_stm32f407xx.o [1]
  .text               ro code  0x080137e8      0x4  startup_stm32f407xx.o [1]
  .text               ro code  0x080137ec      0x4  startup_stm32f407xx.o [1]
  .text               ro code  0x080137f0      0x4  startup_stm32f407xx.o [1]
  .text               ro code  0x080137f4      0x4  startup_stm32f407xx.o [1]
  .text               ro code  0x080137f8      0x4  startup_stm32f407xx.o [1]
  .text               ro code  0x080137fc      0x4  startup_stm32f407xx.o [1]
  .text               ro code  0x08013800      0x4  startup_stm32f407xx.o [1]
  .text               ro code  0x08013804      0x4  startup_stm32f407xx.o [1]
  .text               ro code  0x08013808      0x4  startup_stm32f407xx.o [1]
  .text               ro code  0x0801380c      0x4  startup_stm32f407xx.o [1]
  .text               ro code  0x08013810      0x4  startup_stm32f407xx.o [1]
  .text               ro code  0x08013814      0x4  startup_stm32f407xx.o [1]
  .text               ro code  0x08013818      0x4  startup_stm32f407xx.o [1]
  .text               ro code  0x0801381c      0x4  startup_stm32f407xx.o [1]
  .text               ro code  0x08013820      0x4  startup_stm32f407xx.o [1]
  .text               ro code  0x08013824      0x4  startup_stm32f407xx.o [1]
  .text               ro code  0x08013828      0x4  startup_stm32f407xx.o [1]
  .text               ro code  0x0801382c      0x4  startup_stm32f407xx.o [1]
  .text               ro code  0x08013830      0x4  startup_stm32f407xx.o [1]
  .text               ro code  0x08013834      0x4  startup_stm32f407xx.o [1]
  .text               ro code  0x08013838      0x4  startup_stm32f407xx.o [1]
  .text               ro code  0x0801383c      0x4  startup_stm32f407xx.o [1]
  .rodata             const    0x08013840      0x0  zero_init3.o [5]
  .rodata             const    0x08013840      0x0  packbits_init_single.o [5]
  Initializer bytes   const    0x08013840     0x3a  <for P2-1>
                             - 0x0801387a  0x136f2

"P2", part 1 of 3:                           0x4ac
  P2-1                         0x20000000    0x4ac  <Init block>
    .data             inited   0x20000000      0x4  dhcp.o [1]
    .data             inited   0x20000004    0x400  main.o [1]
    .data             inited   0x20000404      0x4  port.o [1]
    .data             inited   0x20000408      0x4  system_stm32f4xx.o [1]
    .data             inited   0x2000040c      0x4  tcp.o [1]
    .data             inited   0x20000410      0x8  XShttio.o [3]
    __DLIB_PERTHREAD  inited   0x20000418     0x8c  rand.o [3]
    __DLIB_PERTHREAD  inited   0x200004a4      0x4  errno.o [3]
    .data             inited   0x200004a8      0x2  udp.o [1]
    .data             inited   0x200004aa      0x1  led.o [1]
    .data             inited   0x200004ab      0x1  stm32f4xx_hal.o [1]
                             - 0x200004ac    0x4ac

"P2", part 2 of 3:                          0x2000
  CSTACK                       0x200004b0   0x2000  <Block>
    CSTACK            uninit   0x200004b0   0x2000  <Block tail>
                             - 0x200024b0   0x2000

"P2", part 3 of 3:                          0xd858
  .bss                zero     0x200024b0   0x3c00  heap_4.o [1]
  .bss                zero     0x200060b0   0x3024  memp.o [1]
  .bss                zero     0x200090d4   0x2814  mem.o [1]
  .bss                zero     0x2000b8e8   0x17d0  ethernetif.o [1]
  .bss                zero     0x2000d0b8   0x17d0  ethernetif.o [1]
  .bss                zero     0x2000e888    0x5cc  memp.o [1]
  .bss                zero     0x2000ee54    0x240  led.o [1]
  .bss                zero     0x2000f094    0x16c  memp.o [1]
  .bss                zero     0x2000f200     0xf0  etharp.o [1]
  .bss                zero     0x2000f2f0     0xc4  memp.o [1]
  .bss                zero     0x2000f3b4     0xc4  memp.o [1]
  .bss                zero     0x2000f478     0xb4  memp.o [1]
  .bss                zero     0x2000f52c     0xa4  memp.o [1]
  .bss                zero     0x2000f5d0     0xa4  memp.o [1]
  .bss                zero     0x2000f674     0xa4  memp.o [1]
  .bss                zero     0x2000f718     0x90  memp.o [1]
  .bss                zero     0x2000f7a8     0x8c  tasks.o [1]
  .bss                zero     0x2000f834     0x84  memp.o [1]
  .bss                zero     0x2000f8b8     0x84  memp.o [1]
  .bss                zero     0x2000f93c     0x80  ethernetif.o [1]
  .bss                zero     0x2000f9bc     0x80  ethernetif.o [1]
  .bss                zero     0x2000fa3c     0x48  ethernetif.o [1]
  .bss                zero     0x2000fa84     0x3c  stm32f4xx_hal_timebase_tim.o [1]
  .bss                zero     0x2000fac0     0x38  main.o [1]
  .bss                zero     0x2000faf8     0x24  memp.o [1]
  .bss                zero     0x2000fb1c     0x18  ip.o [1]
  .bss                zero     0x2000fb34     0x14  tasks.o [1]
  .bss                zero     0x2000fb48     0x14  tasks.o [1]
  .bss                zero     0x2000fb5c     0x14  tasks.o [1]
  .bss                zero     0x2000fb70     0x14  tasks.o [1]
  .bss                zero     0x2000fb84     0x14  tasks.o [1]
  .bss                zero     0x2000fb98     0x10  tcp_in.o [1]
  .bss                zero     0x2000fba8      0x8  heap_4.o [1]
  .bss                zero     0x2000fbb0      0x8  main.o [1]
  .bss                zero     0x2000fbb8      0x4  dhcp.o [1]
  .bss                zero     0x2000fbbc      0x4  dhcp.o [1]
  .bss                zero     0x2000fbc0      0x4  ethernetif.o [1]
  .bss                zero     0x2000fbc4      0x4  heap_4.o [1]
  .bss                zero     0x2000fbc8      0x4  heap_4.o [1]
  .bss                zero     0x2000fbcc      0x4  heap_4.o [1]
  .bss                zero     0x2000fbd0      0x4  heap_4.o [1]
  .bss                zero     0x2000fbd4      0x4  ip4_frag.o [1]
  .bss                zero     0x2000fbd8      0x4  main.o [1]
  .bss                zero     0x2000fbdc      0x4  main.o [1]
  .bss                zero     0x2000fbe0      0x4  main.o [1]
  .bss                zero     0x2000fbe4      0x4  main.o [1]
  .bss                zero     0x2000fbe8      0x4  main.o [1]
  .bss                zero     0x2000fbec      0x4  main.o [1]
  .bss                zero     0x2000fbf0      0x4  main.o [1]
  .bss                zero     0x2000fbf4      0x4  main.o [1]
  .bss                zero     0x2000fbf8      0x4  main.o [1]
  .bss                zero     0x2000fbfc      0x4  main.o [1]
  .bss                zero     0x2000fc00      0x4  main.o [1]
  .bss                zero     0x2000fc04      0x4  mem.o [1]
  .bss                zero     0x2000fc08      0x4  mem.o [1]
  .bss                zero     0x2000fc0c      0x4  mem.o [1]
  .bss                zero     0x2000fc10      0x4  mem.o [1]
  .bss                zero     0x2000fc14      0x4  memp.o [1]
  .bss                zero     0x2000fc18      0x4  memp.o [1]
  .bss                zero     0x2000fc1c      0x4  memp.o [1]
  .bss                zero     0x2000fc20      0x4  memp.o [1]
  .bss                zero     0x2000fc24      0x4  memp.o [1]
  .bss                zero     0x2000fc28      0x4  memp.o [1]
  .bss                zero     0x2000fc2c      0x4  memp.o [1]
  .bss                zero     0x2000fc30      0x4  memp.o [1]
  .bss                zero     0x2000fc34      0x4  memp.o [1]
  .bss                zero     0x2000fc38      0x4  memp.o [1]
  .bss                zero     0x2000fc3c      0x4  memp.o [1]
  .bss                zero     0x2000fc40      0x4  memp.o [1]
  .bss                zero     0x2000fc44      0x4  memp.o [1]
  .bss                zero     0x2000fc48      0x4  netif.o [1]
  .bss                zero     0x2000fc4c      0x4  netif.o [1]
  .bss                zero     0x2000fc50      0x4  port.o [1]
  .bss                zero     0x2000fc54      0x4  stm32f4xx_hal.o [1]
  .bss                zero     0x2000fc58      0x4  sys_arch.o [1]
  .bss                zero     0x2000fc5c      0x4  tasks.o [1]
  .bss                zero     0x2000fc60      0x4  tasks.o [1]
  .bss                zero     0x2000fc64      0x4  tasks.o [1]
  .bss                zero     0x2000fc68      0x4  tasks.o [1]
  .bss                zero     0x2000fc6c      0x4  tasks.o [1]
  .bss                zero     0x2000fc70      0x4  tasks.o [1]
  .bss                zero     0x2000fc74      0x4  tasks.o [1]
  .bss                zero     0x2000fc78      0x4  tasks.o [1]
  .bss                zero     0x2000fc7c      0x4  tasks.o [1]
  .bss                zero     0x2000fc80      0x4  tasks.o [1]
  .bss                zero     0x2000fc84      0x4  tasks.o [1]
  .bss                zero     0x2000fc88      0x4  tasks.o [1]
  .bss                zero     0x2000fc8c      0x4  tasks.o [1]
  .bss                zero     0x2000fc90      0x4  tasks.o [1]
  .bss                zero     0x2000fc94      0x4  tasks.o [1]
  .bss                zero     0x2000fc98      0x4  tcp.o [1]
  .bss                zero     0x2000fc9c      0x4  tcp.o [1]
  .bss                zero     0x2000fca0      0x4  tcp.o [1]
  .bss                zero     0x2000fca4      0x4  tcp.o [1]
  .bss                zero     0x2000fca8      0x4  tcp.o [1]
  .bss                zero     0x2000fcac      0x4  tcp_in.o [1]
  .bss                zero     0x2000fcb0      0x4  tcp_in.o [1]
  .bss                zero     0x2000fcb4      0x4  tcp_in.o [1]
  .bss                zero     0x2000fcb8      0x4  tcp_in.o [1]
  .bss                zero     0x2000fcbc      0x4  tcp_in.o [1]
  .bss                zero     0x2000fcc0      0x4  tcp_in.o [1]
  .bss                zero     0x2000fcc4      0x4  tcpip.o [1]
  .bss                zero     0x2000fcc8      0x4  tcpip.o [1]
  .bss                zero     0x2000fccc      0x4  tcpip.o [1]
  .bss                zero     0x2000fcd0      0x4  tcpip.o [1]
  .bss                zero     0x2000fcd4      0x4  timeouts.o [1]
  .bss                zero     0x2000fcd8      0x4  timeouts.o [1]
  .bss                zero     0x2000fcdc      0x4  timeouts.o [1]
  .bss                zero     0x2000fce0      0x4  udp.o [1]
  .bss                zero     0x2000fce4      0x2  ip4.o [1]
  .bss                zero     0x2000fce6      0x2  ip4_frag.o [1]
  .bss                zero     0x2000fce8      0x2  tcp_in.o [1]
  .bss                zero     0x2000fcea      0x2  tcp_in.o [1]
  .bss                zero     0x2000fcec      0x2  tcp_in.o [1]
  .bss                zero     0x2000fcee      0x2  tcp_in.o [1]
  .bss                zero     0x2000fcf0      0x2  tcp_in.o [1]
  .bss                zero     0x2000fcf2      0x1  etharp.o [1]
  .bss                zero     0x2000fcf3      0x1  main.o [1]
  .bss                zero     0x2000fcf4      0x1  main.o [1]
  .bss                zero     0x2000fcf5      0x1  main.o [1]
  .bss                zero     0x2000fcf6      0x1  main.o [1]
  .bss                zero     0x2000fcf7      0x1  main.o [1]
  .bss                zero     0x2000fcf8      0x1  main.o [1]
  .bss                zero     0x2000fcf9      0x1  main.o [1]
  .bss                zero     0x2000fcfa      0x1  main.o [1]
  .bss                zero     0x2000fcfb      0x1  main.o [1]
  .bss                zero     0x2000fcfc      0x1  main.o [1]
  .bss                zero     0x2000fcfd      0x1  main.o [1]
  .bss                zero     0x2000fcfe      0x1  netif.o [1]
  .bss                zero     0x2000fcff      0x1  port.o [1]
  .bss                zero     0x2000fd00      0x1  tcp.o [1]
  .bss                zero     0x2000fd01      0x1  tcp.o [1]
  .bss                zero     0x2000fd02      0x1  tcp.o [1]
  .bss                zero     0x2000fd03      0x1  tcp_in.o [1]
  .bss                zero     0x2000fd04      0x1  tcp_in.o [1]
                             - 0x2000fd05   0xd855


*******************************************************************************
*** INIT TABLE
***

          Address     Size
          -------     ----
Zero (__iar_zero_init3)
    1 destination range, total size 0xd855:
          0x200024b0  0xd855

Copy/packbits (__iar_packbits_init_single3)
    1 source range, total size 0x3a (4% of destination):
          0x08013840    0x3a
    1 destination range, total size 0x4ac:
          0x20000000   0x4ac



*******************************************************************************
*** MODULE SUMMARY
***

    Module                        ro code  ro data  rw data
    ------                        -------  -------  -------
F:\AMAE\AM1026\LED_Module\BIG_LED_update\Debug\Obj: [1]
    cmsis_os.o                        908
    def.o                              38
    dhcp.o                          3 396      900       12
    etharp.o                        2 940      576      241
    ethernet.o                        308      172
    ethernetif.o                    1 750      164   12 524
    heap_4.o                          604        4   15 384
    icmp.o                            628      256
    inet_chksum.o                     186
    init.o                             72      168
    ip.o                                                 24
    ip4.o                             980      164        2
    ip4_addr.o                         76        8
    ip4_frag.o                      2 276      504        6
    led.o                           2 894    7 024      577
    list.o                            152
    main.o                            548      201    1 143
    mem.o                           1 332      548   10 276
    memp.o                            308      436   15 732
    netif.o                           552      124        9
    pbuf.o                          2 384    1 092
    port.o                            596        5        9
    portasm.o                         168
    queue.o                         2 144
    startup_stm32f407xx.o             720
    stm32f4xx_hal.o                   128        1        5
    stm32f4xx_hal_cortex.o            228
    stm32f4xx_hal_eth.o             3 396
    stm32f4xx_hal_gpio.o              552
    stm32f4xx_hal_rcc.o             1 816
    stm32f4xx_hal_tim.o               740
    stm32f4xx_hal_tim_ex.o              4
    stm32f4xx_hal_timebase_tim.o      176                60
    stm32f4xx_it.o                     36
    sys_arch.o                        324       16        4
    system_stm32f4xx.o                108       24        4
    tasks.o                         2 896        8      300
    tcp.o                           3 496      780       27
    tcp_in.o                        5 824      816       52
    tcp_out.o                       2 668      496
    tcpip.o                           416      228       16
    timeouts.o                        608      208       12
    udp.o                           1 144      168        6
    udpserver.o                       800      108
    -------------------------------------------------------
    Total:                         51 320   15 199   56 425

command line: [2]
    -------------------------------------------------------
    Total:

dl7M_tln.a: [3]
    XShttio.o                           8                 8
    div.o                              14
    errno.o                            12                 4
    exit.o                              4
    low_level_init.o                    4
    printf.o                           36
    putchar.o                          40
    rand.o                            224        7      140
    sprintf.o                          52
    sscanf.o                           36
    xprintffull.o                   3 494
    xprout.o                           22
    xscanffull.o                    2 908
    xsprout.o                          10
    xsscin.o                           30
    xstoflt.o                         432
    xstoll.o                          162
    xstopfx.o                         288
    xstoull.o                         436
    xstoxflt.o                        512
    xtls.o                              2
    -------------------------------------------------------
    Total:                          8 726        7      152

m7M_tls.a: [4]
    DblAdd.o                          232
    DblCmpEq.o                         32
    DblCmpGe.o                         46
    DblCmpLe.o                         46
    DblDiv.o                          598
    DblMul.o                          418
    DblSub.o                          384
    DblToFlt.o                        144
    DblToI32.o                         88
    FltToDbl.o                         78
    I32ToDbl.o                         48
    fpinit_M.o                         34
    xdnorm.o                           66
    xdscale.o                         276
    xdtento.o                         512
    xdunscal.o                         82
    xstold.o                          360
    -------------------------------------------------------
    Total:                          3 444

rt7M_tl.a: [5]
    ABImemclr4.o                        6
    ABImemcpy_unaligned.o             118
    ABImemset.o                       102
    ABImemset48.o                      50
    I64DivMod.o                       238
    I64DivZer.o                         2
    cexit.o                            10
    cmain.o                            26
    cstartup_M.o                       12
    data_init.o                        40
    memchr.o                           88
    memcmp_unaligned.o                 98
    packbits_init_single.o             56
    strchr.o                           22
    strlen.o                           54
    zero_init3.o                       64
    -------------------------------------------------------
    Total:                            986

shb_l.a: [6]
    dwrite.o                           30
    exit.o                             20
    iarttio.o                         108
    iarwrite.o                         34
    iarwstd.o                          32
    write.o                            16
    -------------------------------------------------------
    Total:                            240

    Gaps                               36        4
    Linker created                              32    8 192
-----------------------------------------------------------
    Grand Total:                   64 752   15 242   64 769


*******************************************************************************
*** ENTRY LIST
***

Entry                      Address    Size  Type      Object
-----                      -------    ----  ----      ------
.iar.init_table$$Base   0x08012c44           --   Gb  - Linker created -
.iar.init_table$$Limit  0x08012c64           --   Gb  - Linker created -
?main                   0x08013115          Code  Gb  cmain.o [5]
AHBPrescTable           0x080134b4    0x10  Data  Gb  system_stm32f4xx.o [1]
APBPrescTable           0x080136c8     0x8  Data  Gb  system_stm32f4xx.o [1]
AT                      0x2000fbe4     0x4  Data  Gb  main.o [1]
BP                      0x2000fbec     0x4  Data  Gb  main.o [1]
BusFault_Handler        0x08012c03     0x2  Code  Gb  stm32f4xx_it.o [1]
CSTACK$$Base            0x200004b0           --   Gb  - Linker created -
CSTACK$$Limit           0x200024b0           --   Gb  - Linker created -
ConcHr                  0x2000fbdc     0x4  Data  Gb  main.o [1]
ConcRt                  0x2000fbe0     0x4  Data  Gb  main.o [1]
DMARxDscrTab            0x2000f93c    0x80  Data  Gb  ethernetif.o [1]
DMATxDscrTab            0x2000f9bc    0x80  Data  Gb  ethernetif.o [1]
DebugMon_Handler        0x08012c07     0x2  Code  Gb  stm32f4xx_it.o [1]
ETH_DMAReceptionDisable
                        0x08008a0f    0x16  Code  Lc  stm32f4xx_hal_eth.o [1]
ETH_DMAReceptionEnable  0x080089f9    0x16  Code  Lc  stm32f4xx_hal_eth.o [1]
ETH_DMATransmissionDisable
                        0x080089e3    0x16  Code  Lc  stm32f4xx_hal_eth.o [1]
ETH_DMATransmissionEnable
                        0x080089cd    0x16  Code  Lc  stm32f4xx_hal_eth.o [1]
ETH_Delay               0x08008a5f    0x24  Code  Lc  stm32f4xx_hal_eth.o [1]
ETH_FlushTransmitFIFO   0x08008a25    0x3a  Code  Lc  stm32f4xx_hal_eth.o [1]
ETH_IRQHandler          0x08012c13     0xa  Code  Gb  stm32f4xx_it.o [1]
ETH_MACAddressConfig    0x080088f1    0x26  Code  Lc  stm32f4xx_hal_eth.o [1]
ETH_MACDMAConfig        0x08008679   0x278  Code  Lc  stm32f4xx_hal_eth.o [1]
ETH_MACReceptionDisable
                        0x080089a3    0x2a  Code  Lc  stm32f4xx_hal_eth.o [1]
ETH_MACReceptionEnable  0x08008979    0x2a  Code  Lc  stm32f4xx_hal_eth.o [1]
ETH_MACTransmissionDisable
                        0x0800894f    0x2a  Code  Lc  stm32f4xx_hal_eth.o [1]
ETH_MACTransmissionEnable
                        0x08008925    0x2a  Code  Lc  stm32f4xx_hal_eth.o [1]
EXTI9_5_IRQHandler      0x08012c11     0x2  Code  Gb  stm32f4xx_it.o [1]
EthHandle               0x2000fa3c    0x48  Data  Gb  ethernetif.o [1]
HAL_Delay               0x08008d33    0x22  Code  Wk  stm32f4xx_hal.o [1]
HAL_ETH_ConfigMAC       0x08008547   0x132  Code  Gb  stm32f4xx_hal_eth.o [1]
HAL_ETH_DMARxDescListInit
                        0x080080c7    0x7c  Code  Gb  stm32f4xx_hal_eth.o [1]
HAL_ETH_DMATxDescListInit
                        0x08008051    0x76  Code  Gb  stm32f4xx_hal_eth.o [1]
HAL_ETH_ErrorCallback   0x080083b1     0x2  Code  Wk  stm32f4xx_hal_eth.o [1]
HAL_ETH_GetReceivedFrame_IT
                        0x08008277    0xaa  Code  Gb  stm32f4xx_hal_eth.o [1]
HAL_ETH_IRQHandler      0x08008321    0x8e  Code  Gb  stm32f4xx_hal_eth.o [1]
HAL_ETH_Init            0x08007d75   0x2dc  Code  Gb  stm32f4xx_hal_eth.o [1]
HAL_ETH_MspInit         0x080056d1   0x208  Code  Gb  ethernetif.o [1]
HAL_ETH_ReadPHYRegister
                        0x080083b3    0x82  Code  Gb  stm32f4xx_hal_eth.o [1]
HAL_ETH_RxCpltCallback  0x080058d9     0xe  Code  Gb  ethernetif.o [1]
HAL_ETH_Start           0x080084b3    0x4a  Code  Gb  stm32f4xx_hal_eth.o [1]
HAL_ETH_Stop            0x080084fd    0x4a  Code  Gb  stm32f4xx_hal_eth.o [1]
HAL_ETH_TransmitFrame   0x08008143   0x134  Code  Gb  stm32f4xx_hal_eth.o [1]
HAL_ETH_TxCpltCallback  0x080083af     0x2  Code  Wk  stm32f4xx_hal_eth.o [1]
HAL_ETH_WritePHYRegister
                        0x08008435    0x7e  Code  Gb  stm32f4xx_hal_eth.o [1]
HAL_GPIO_Init           0x08007a69   0x1da  Code  Gb  stm32f4xx_hal_gpio.o [1]
HAL_GPIO_WritePin       0x08007c43    0x14  Code  Gb  stm32f4xx_hal_gpio.o [1]
HAL_GetTick             0x08008d2d     0x6  Code  Wk  stm32f4xx_hal.o [1]
HAL_IncTick             0x08008d1d    0x10  Code  Wk  stm32f4xx_hal.o [1]
HAL_Init                0x08008ce1    0x3a  Code  Gb  stm32f4xx_hal.o [1]
HAL_InitTick            0x0800c519    0x8c  Code  Gb  stm32f4xx_hal_timebase_tim.o [1]
HAL_MspInit             0x08008d1b     0x2  Code  Wk  stm32f4xx_hal.o [1]
HAL_NVIC_EnableIRQ      0x08007d55     0xa  Code  Gb  stm32f4xx_hal_cortex.o [1]
HAL_NVIC_SetPriority    0x08007d33    0x22  Code  Gb  stm32f4xx_hal_cortex.o [1]
HAL_NVIC_SetPriorityGrouping
                        0x08007d2b     0x8  Code  Gb  stm32f4xx_hal_cortex.o [1]
HAL_RCC_ClockConfig     0x0800a933   0x162  Code  Gb  stm32f4xx_hal_rcc.o [1]
HAL_RCC_GetClockConfig  0x0800abd1    0x3a  Code  Gb  stm32f4xx_hal_rcc.o [1]
HAL_RCC_GetHCLKFreq     0x0800abb5     0x6  Code  Gb  stm32f4xx_hal_rcc.o [1]
HAL_RCC_GetPCLK1Freq    0x0800abbb    0x16  Code  Gb  stm32f4xx_hal_rcc.o [1]
HAL_RCC_GetSysClockFreq
                        0x0800ab3d    0x78  Code  Wk  stm32f4xx_hal_rcc.o [1]
HAL_RCC_MCOConfig       0x0800aa95    0xa8  Code  Gb  stm32f4xx_hal_rcc.o [1]
HAL_RCC_OscConfig       0x0800a541   0x3f2  Code  Wk  stm32f4xx_hal_rcc.o [1]
HAL_TIMEx_BreakCallback
                        0x0800cec3     0x2  Code  Wk  stm32f4xx_hal_tim_ex.o [1]
HAL_TIMEx_CommutationCallback
                        0x0800cec1     0x2  Code  Wk  stm32f4xx_hal_tim_ex.o [1]
HAL_TIM_Base_Init       0x0800cb79    0x38  Code  Gb  stm32f4xx_hal_tim.o [1]
HAL_TIM_Base_MspInit    0x0800cbb1     0x2  Code  Wk  stm32f4xx_hal_tim.o [1]
HAL_TIM_Base_Start_IT   0x0800cbb3    0x1c  Code  Gb  stm32f4xx_hal_tim.o [1]
HAL_TIM_IC_CaptureCallback
                        0x0800cd47     0x2  Code  Wk  stm32f4xx_hal_tim.o [1]
HAL_TIM_IRQHandler      0x0800cbcf   0x176  Code  Gb  stm32f4xx_hal_tim.o [1]
HAL_TIM_OC_DelayElapsedCallback
                        0x0800cd45     0x2  Code  Wk  stm32f4xx_hal_tim.o [1]
HAL_TIM_PWM_PulseFinishedCallback
                        0x0800cd49     0x2  Code  Wk  stm32f4xx_hal_tim.o [1]
HAL_TIM_PeriodElapsedCallback
                        0x0800c5a5     0x8  Code  Gb  stm32f4xx_hal_timebase_tim.o [1]
HAL_TIM_TriggerCallback
                        0x0800cd4b     0x2  Code  Wk  stm32f4xx_hal_tim.o [1]
HardFault_Handler       0x08012bff     0x2  Code  Gb  stm32f4xx_it.o [1]
Latitude                0x2000fbf4     0x4  Data  Gb  main.o [1]
LoadInt                 0x08004a71    0x6e  Code  Lc  xprintffull.o [3]
Longitude               0x2000fbf0     0x4  Data  Gb  main.o [1]
MemManage_Handler       0x08012c01     0x2  Code  Gb  stm32f4xx_it.o [1]
NMI_Handler             0x08012bfd     0x2  Code  Gb  stm32f4xx_it.o [1]
NVIC_EnableIRQ          0x08007cb7    0x14  Code  Lc  stm32f4xx_hal_cortex.o [1]
NVIC_EncodePriority     0x08007ced    0x3e  Code  Lc  stm32f4xx_hal_cortex.o [1]
NVIC_GetPriorityGrouping
                        0x08007cad     0xa  Code  Lc  stm32f4xx_hal_cortex.o [1]
NVIC_SetPriority        0x08007ccb    0x22  Code  Lc  stm32f4xx_hal_cortex.o [1]
NVIC_SetPriorityGrouping
                        0x08007c91    0x1c  Code  Lc  stm32f4xx_hal_cortex.o [1]
Netif_Config            0x080110f9    0x8a  Code  Lc  main.o [1]
Netif_LinkSemaphore     0x2000fbd8     0x4  Data  Gb  main.o [1]
Noise                   0x2000fc00     0x4  Data  Gb  main.o [1]
PendSV_Handler          0x0800c8bd          Code  Gb  portasm.o [1]
RH                      0x2000fbe8     0x4  Data  Gb  main.o [1]
Region$$Table$$Base     0x08012c44           --   Gb  - Linker created -
Region$$Table$$Limit    0x08012c64           --   Gb  - Linker created -
Rx_Buff                 0x2000b8e8  0x17d0  Data  Gb  ethernetif.o [1]
SVC_Handler             0x0800c915          Code  Gb  portasm.o [1]
StartThread             0x08011077    0x52  Code  Lc  main.o [1]
SysTick_Handler         0x08012c09     0x8  Code  Gb  stm32f4xx_it.o [1]
SystemClock_Config      0x08011183    0xac  Code  Lc  main.o [1]
SystemCoreClock         0x20000408     0x4  Data  Gb  system_stm32f4xx.o [1]
SystemInit              0x08011459    0x4c  Code  Gb  system_stm32f4xx.o [1]
TC5020Shift16bits       0x08010555    0x4e  Code  Lc  led.o [1]
TIM6_DAC_IRQHandler     0x0800c5ad     0xa  Code  Gb  stm32f4xx_hal_timebase_tim.o [1]
TIM_Base_SetConfig      0x0800cd4d    0xe4  Code  Gb  stm32f4xx_hal_tim.o [1]
TimHandle               0x2000fa84    0x3c  Data  Gb  stm32f4xx_hal_timebase_tim.o [1]
Tx_Buff                 0x2000d0b8  0x17d0  Data  Gb  ethernetif.o [1]
UsageFault_Handler      0x08012c05     0x2  Code  Gb  stm32f4xx_it.o [1]
WindDir                 0x2000fbfc     0x4  Data  Gb  main.o [1]
WindSpeed               0x2000fbf8     0x4  Data  Gb  main.o [1]
_GenldFull              0x08004fe7   0x262  Code  Lc  xprintffull.o [3]
_GetN                   0x0800e3dd    0x22  Code  Lc  xscanffull.o [3]
_GetfldFull             0x0800e5ab   0x102  Code  Lc  xscanffull.o [3]
_GetfloatFull           0x0800ea61   0x4c0  Code  Lc  xscanffull.o [3]
_GetintFull             0x0800e873   0x1e8  Code  Lc  xscanffull.o [3]
_GetstrFull             0x0800e6ad   0x1c0  Code  Lc  xscanffull.o [3]
_LdtobFull              0x08004be5   0x3fc  Code  Lc  xprintffull.o [3]
_LitobFull              0x08004adf   0x106  Code  Lc  xprintffull.o [3]
_PrintfFull             0x080044ed   0x57e  Code  Gb  xprintffull.o [3]
_Prout                  0x080132f1    0x16  Code  Gb  xprout.o [3]
_PutcharsFull           0x08005249    0x2e  Code  Lc  xprintffull.o [3]
_Rand_idx               0x20000420     0x4  Data  Lc  rand.o [3]
_Rand_rv                0x20000424    0x80  Data  Lc  rand.o [3]
_Randinit               0x20000418     0x1  Data  Gb  rand.o [3]
_Randseed               0x2000041c     0x4  Data  Gb  rand.o [3]
_SProut                 0x080044e3     0xa  Code  Gb  xsprout.o [3]
_SScin                  0x0800220b    0x1e  Code  Gb  xsscin.o [3]
_ScanfFull              0x0800e419   0x192  Code  Gb  xscanffull.o [3]
_Stoflt                 0x0800f4b5   0x1b0  Code  Gb  xstoflt.o [3]
_Stopfx                 0x0800f395   0x120  Code  Gb  xstopfx.o [3]
_Stoxflt                0x0800f8d1   0x1cc  Code  Gb  xstoxflt.o [3]
_UngetN                 0x0800e3ff    0x1a  Code  Lc  xscanffull.o [3]
__aeabi_cdcmpeq         0x0800fad1          Code  Gb  DblCmpEq.o [4]
__aeabi_cdcmple         0x08006315          Code  Gb  DblCmpLe.o [4]
__aeabi_cdrcmple        0x08006345          Code  Gb  DblCmpGe.o [4]
__aeabi_d2f             0x0800f2f9          Code  Gb  DblToFlt.o [4]
__aeabi_d2iz            0x08006489          Code  Gb  DblToI32.o [4]
__aeabi_d2uiz           0x080064b5          Code  Gb  DblToI32.o [4]
__aeabi_dadd            0x0800a39d          Code  Gb  DblAdd.o [4]
__aeabi_ddiv            0x08006835          Code  Gb  DblDiv.o [4]
__aeabi_dmul            0x08006691          Code  Gb  DblMul.o [4]
__aeabi_dsub            0x08006511          Code  Gb  DblSub.o [4]
__aeabi_errno_addr      0x0800f389     0x6  Code  Gb  errno.o [3]
__aeabi_f2d             0x08010695          Code  Gb  FltToDbl.o [4]
__aeabi_i2d             0x080064e1          Code  Gb  I32ToDbl.o [4]
__aeabi_ldiv0           0x0800a399          Code  Gb  I64DivZer.o [5]
__aeabi_memclr4         0x08006135          Code  Gb  ABImemclr4.o [5]
__aeabi_memset          0x08005295          Code  Gb  ABImemset.o [5]
__aeabi_ui2d            0x080064f5          Code  Gb  I32ToDbl.o [4]
__aeabi_uldivmod        0x080061e5          Code  Gb  I64DivMod.o [5]
__cmain                 0x08013115          Code  Gb  cmain.o [5]
__dwrite                0x080129c5    0x1e  Code  Gb  dwrite.o [6]
__exit                  0x08013145    0x14  Code  Gb  exit.o [6]
__iar_Dnorm             0x080062d3    0x42  Code  Gb  xdnorm.o [4]
__iar_Dscale            0x08006375   0x114  Code  Gb  xdscale.o [4]
__iar_Dtentox           0x0800f72d   0x13e  Code  Gb  xdtento.o [4]
__iar_Dunscale          0x0800faf1    0x52  Code  Gb  xdunscal.o [4]
__iar_Errno             0x200004a4     0x4  Data  Gb  errno.o [3]
__iar_Memchr            0x0800618d          Code  Gb  memchr.o [5]
__iar_Memset            0x08005295          Code  Gb  ABImemset.o [5]
__iar_Memset4_word      0x0800a365          Code  Gb  ABImemset48.o [5]
__iar_Memset8_word      0x0800a365          Code  Gb  ABImemset48.o [5]
__iar_Memset_word       0x0800529d          Code  Gb  ABImemset.o [5]
__iar_Stold             0x0800f2f5     0x4  Code  Gb  xstold.o [4]
__iar_Stoldx            0x0800f191   0x14e  Code  Gb  xstold.o [4]
__iar_Stoll             0x0800efd7     0x4  Code  Gb  xstoll.o [3]
__iar_Stollx            0x0800ef39    0x9e  Code  Gb  xstoll.o [3]
__iar_Stoull            0x0800f13d     0x4  Code  Gb  xstoull.o [3]
__iar_Stoullx           0x0800efdd   0x15a  Code  Gb  xstoull.o [3]
__iar_Strchr            0x0800613d          Code  Gb  strchr.o [5]
__iar_close_ttio        0x080114c5    0x2e  Code  Gb  iarttio.o [6]
__iar_d2uiz             0x080064c1          Code  Gb  DblToI32.o [4]
__iar_dadd              0x0800a3b1          Code  Gb  DblAdd.o [4]
__iar_data_init3        0x08012a25    0x28  Code  Gb  data_init.o [5]
__iar_dlib_perthread_access
                        0x0800cebf     0x2  Code  Gb  xtls.o [3]
__iar_dsub              0x08006525          Code  Gb  DblSub.o [4]
__iar_dsubStart         0x08006537          Code  Gb  DblSub.o [4]
__iar_get_ttio          0x080114f5    0x38  Code  Gb  iarttio.o [6]
__iar_init_vfp          0x08012c21          Code  Gb  fpinit_M.o [4]
__iar_lookup_ttioh      0x08011531     0x8  Code  Gb  XShttio.o [3]
__iar_packbits_init_single3
                        0x08011de9    0x38  Code  Gb  packbits_init_single.o [5]
__iar_program_start     0x08013675          Code  Gb  cstartup_M.o [5]
__iar_sh_stdout         0x080129e3    0x20  Code  Gb  iarwstd.o [6]
__iar_sh_write          0x08012a03    0x22  Code  Gb  iarwrite.o [6]
__iar_ttio_handles      0x20000410     0x8  Data  Lc  XShttio.o [3]
__iar_ui2d              0x080064f9          Code  Gb  I32ToDbl.o [4]
__iar_unaligned___aeabi_memcpy
                        0x0800446d          Code  Gb  ABImemcpy_unaligned.o [5]
__iar_unaligned___aeabi_memcpy4
                        0x0800448d          Code  Gb  ABImemcpy_unaligned.o [5]
__iar_unaligned___aeabi_memcpy8
                        0x0800448d          Code  Gb  ABImemcpy_unaligned.o [5]
__iar_unaligned_memcmp  0x0800ce5d          Code  Gb  memcmp_unaligned.o [5]
__iar_zero_init3        0x08011a71    0x40  Code  Gb  zero_init3.o [5]
__low_level_init        0x0801312f     0x4  Code  Gb  low_level_init.o [3]
__vector_table          0x08000000          Data  Gb  startup_stm32f407xx.o [1]
__write                 0x080129b5    0x10  Code  Gb  write.o [6]
_call_main              0x08013121          Code  Gb  cmain.o [5]
_exit                   0x08013139          Code  Gb  cexit.o [5]
_main                   0x0801312b          Code  Gb  cmain.o [5]
ackno                   0x2000fcb8     0x4  Data  Lc  tcp_in.o [1]
arp_table               0x2000f200    0xf0  Data  Lc  etharp.o [1]
clr_point               0x080101e9    0x88  Code  Gb  led.o [1]
cyclic_timer            0x08003beb    0x14  Code  Lc  timeouts.o [1]
delay                   0x08010689     0xa  Code  Lc  led.o [1]
dhcp_arp_reply          0x0800bacf    0x36  Code  Gb  dhcp.o [1]
dhcp_bind               0x0800bc67   0x12c  Code  Lc  dhcp.o [1]
dhcp_check              0x0800b7d5    0x3c  Code  Lc  dhcp.o [1]
dhcp_coarse_tmr         0x0800b909    0x72  Code  Gb  dhcp.o [1]
dhcp_create_msg         0x0800c205   0x1c6  Code  Lc  dhcp.o [1]
dhcp_decline            0x0800bb05    0x94  Code  Lc  dhcp.o [1]
dhcp_delete_msg         0x0800c3cb    0x56  Code  Lc  dhcp.o [1]
dhcp_discover           0x0800bb99    0xce  Code  Lc  dhcp.o [1]
dhcp_discover_request_options
                        0x20000000     0x4  Data  Lc  dhcp.o [1]
dhcp_fine_tmr           0x0800b97b    0x38  Code  Gb  dhcp.o [1]
dhcp_network_changed    0x0800baa1    0x2e  Code  Gb  dhcp.o [1]
dhcp_option             0x0800c0b9    0x4c  Code  Lc  dhcp.o [1]
dhcp_option_byte        0x0800c105    0x32  Code  Lc  dhcp.o [1]
dhcp_option_long        0x0800c185    0x6a  Code  Lc  dhcp.o [1]
dhcp_option_short       0x0800c139    0x48  Code  Lc  dhcp.o [1]
dhcp_option_trailer     0x0800c421    0x7c  Code  Lc  dhcp.o [1]
dhcp_pcb                0x2000fbb8     0x4  Data  Lc  dhcp.o [1]
dhcp_rebind             0x0800be4f    0xb8  Code  Lc  dhcp.o [1]
dhcp_reboot             0x0800bf07    0xd2  Code  Lc  dhcp.o [1]
dhcp_release            0x0800bfe9    0xb8  Code  Gb  dhcp.o [1]
dhcp_renew              0x0800bd93    0xbc  Code  Gb  dhcp.o [1]
dhcp_select             0x0800b811    0xf8  Code  Lc  dhcp.o [1]
dhcp_set_state          0x0800c0a5    0x14  Code  Lc  dhcp.o [1]
dhcp_supplied_address   0x0800c4ed    0x2c  Code  Gb  dhcp.o [1]
dhcp_t1_timeout         0x0800ba27    0x3a  Code  Lc  dhcp.o [1]
dhcp_t2_timeout         0x0800ba61    0x40  Code  Lc  dhcp.o [1]
dhcp_timeout            0x0800b9b3    0x74  Code  Lc  dhcp.o [1]
digits                  0x0800f140    0x28  Data  Lc  xstoull.o [3]
div                     0x08006a8b     0xe  Code  Gb  div.o [3]
dmul                    0x0800f6d1    0x5a  Code  Lc  xdtento.o [4]
do_memp_free_pool       0x08003b17    0x36  Code  Lc  memp.o [1]
do_memp_malloc_pool     0x08003aa7    0x48  Code  Lc  memp.o [1]
draw_point              0x08010161    0x88  Code  Gb  led.o [1]
etharp_cached_entry     0x2000fcf2     0x1  Data  Lc  etharp.o [1]
etharp_cleanup_netif    0x0800b133    0x40  Code  Gb  etharp.o [1]
[...]
memp_tab_TCP_PCB        0x2000fc18     0x4  Data  Lc  memp.o [1]
memp_tab_TCP_PCB_LISTEN
                        0x2000fc1c     0x4  Data  Lc  memp.o [1]
memp_tab_TCP_SEG        0x2000fc20     0x4  Data  Lc  memp.o [1]
memp_tab_UDP_PCB        0x2000fc14     0x4  Data  Lc  memp.o [1]
ndigs                   0x0800f168    0x28  Data  Lc  xstoull.o [3]
netif_add               0x08008abb    0x8e  Code  Gb  netif.o [1]
netif_default           0x2000fc4c     0x4  Data  Gb  netif.o [1]
netif_init              0x08008ab9     0x2  Code  Gb  netif.o [1]
netif_issue_reports     0x08008c3b    0x1c  Code  Lc  netif.o [1]
netif_list              0x2000fc48     0x4  Data  Gb  netif.o [1]
netif_num               0x2000fcfe     0x1  Data  Lc  netif.o [1]
netif_set_addr          0x08008b49    0x48  Code  Gb  netif.o [1]
netif_set_default       0x08008bf1     0x6  Code  Gb  netif.o [1]
netif_set_down          0x08008c57    0x24  Code  Gb  netif.o [1]
netif_set_gw            0x08008bd5     0xe  Code  Gb  netif.o [1]
netif_set_ipaddr        0x08008b91    0x44  Code  Gb  netif.o [1]
netif_set_link_callback
                        0x08008cd9     0x8  Code  Gb  netif.o [1]
netif_set_link_down     0x08008cb7    0x22  Code  Gb  netif.o [1]
netif_set_link_up       0x08008c7b    0x3c  Code  Gb  netif.o [1]
netif_set_netmask       0x08008be3     0xe  Code  Gb  netif.o [1]
netif_set_up            0x08008c15    0x26  Code  Gb  netif.o [1]
next_timeout            0x2000fcd4     0x4  Data  Lc  timeouts.o [1]
osDelay                 0x08005e25    0x16  Code  Gb  cmsis_os.o [1]
osKernelStart           0x08005dcd     0xa  Code  Gb  cmsis_os.o [1]
osKernelSysTick         0x08005dd7    0x16  Code  Gb  cmsis_os.o [1]
osMessageCreate         0x08006007     0xe  Code  Gb  cmsis_os.o [1]
osMessageGet            0x08006075    0xac  Code  Gb  cmsis_os.o [1]
osMessagePut            0x08006015    0x60  Code  Gb  cmsis_os.o [1]
osMutexCreate           0x08005e3b     0xa  Code  Gb  cmsis_os.o [1]
osMutexRelease          0x08005ebd    0x52  Code  Gb  cmsis_os.o [1]
osMutexWait             0x08005e45    0x78  Code  Gb  cmsis_os.o [1]
osSemaphoreCreate       0x08005f0f    0x2e  Code  Gb  cmsis_os.o [1]
osSemaphoreRelease      0x08005fb5    0x52  Code  Gb  cmsis_os.o [1]
osSemaphoreWait         0x08005f3d    0x78  Code  Gb  cmsis_os.o [1]
osSystickHandler        0x08006121    0x10  Code  Gb  cmsis_os.o [1]
osThreadCreate          0x08005ded    0x2e  Code  Gb  cmsis_os.o [1]
osThreadTerminate       0x08005e1b     0xa  Code  Gb  cmsis_os.o [1]
os_mutex_def_lwip_sys_mutex
                        0x08013704     0x4  Data  Gb  sys_arch.o [1]
pbuf_alloc              0x08001849   0x29a  Code  Gb  pbuf.o [1]
pbuf_alloced_custom     0x08001ae3    0x86  Code  Gb  pbuf.o [1]
pbuf_cat                0x08001e99    0x78  Code  Gb  pbuf.o [1]
pbuf_chain              0x08001f11    0x12  Code  Gb  pbuf.o [1]
pbuf_clen               0x08001e55    0x12  Code  Gb  pbuf.o [1]
pbuf_copy               0x08001f23   0x13a  Code  Gb  pbuf.o [1]
pbuf_copy_partial       0x0800205d    0xb8  Code  Gb  pbuf.o [1]
pbuf_free               0x08001d61    0xf4  Code  Gb  pbuf.o [1]
pbuf_header             0x08001d49     0xc  Code  Gb  pbuf.o [1]
pbuf_header_force       0x08001d55     0xc  Code  Gb  pbuf.o [1]
pbuf_header_impl        0x08001c5f    0xea  Code  Lc  pbuf.o [1]
pbuf_realloc            0x08001b69    0xf6  Code  Gb  pbuf.o [1]
pbuf_ref                0x08001e67    0x32  Code  Gb  pbuf.o [1]
pcInterruptPriorityRegisters
                        0x080136fc     0x4  Data  Lc  port.o [1]
plug_holes              0x08003df5    0xfa  Code  Lc  mem.o [1]
pows                    0x0800f888    0x48  Data  Lc  xdtento.o [4]
printf                  0x08002229    0x24  Code  Gb  printf.o [3]
prvAddCurrentTaskToDelayedList
                        0x080097e9    0x80  Code  Lc  tasks.o [1]
prvAddNewTaskToReadyList
                        0x08008e87    0xc0  Code  Lc  tasks.o [1]
prvCheckTasksWaitingTermination
                        0x08009579    0x64  Code  Lc  tasks.o [1]
prvCopyDataFromQueue    0x0800a039    0x2a  Code  Lc  queue.o [1]
prvCopyDataToQueue      0x08009fb7    0x82  Code  Lc  queue.o [1]
prvDeleteTCB            0x080095ed    0x12  Code  Lc  tasks.o [1]
prvHeapInit             0x0800c745    0x64  Code  Lc  heap_4.o [1]
prvIdleTask             0x080094f5    0x24  Code  Lc  tasks.o [1]
prvInitialiseMutex      0x080099af    0x1e  Code  Lc  queue.o [1]
prvInitialiseNewQueue   0x0800998d    0x22  Code  Lc  queue.o [1]
prvInitialiseNewTask    0x08008dd7    0xb0  Code  Lc  tasks.o [1]
prvInitialiseTaskLists  0x08009521    0x54  Code  Lc  tasks.o [1]
prvInsertBlockIntoFreeList
                        0x0800c7a9    0x5c  Code  Lc  heap_4.o [1]
prvIsQueueEmpty         0x0800a0d1    0x1c  Code  Lc  queue.o [1]
prvIsQueueFull          0x0800a0ed    0x1e  Code  Lc  queue.o [1]
prvResetNextTaskUnblockTime
                        0x080095ff    0x28  Code  Lc  tasks.o [1]
prvTaskExitError        0x0800a139    0x2a  Code  Lc  port.o [1]
prvUnlockQueue          0x0800a063    0x6e  Code  Lc  queue.o [1]
putchar                 0x0801298d    0x28  Code  Gb  putchar.o [3]
pvPortMalloc            0x0800c5c9   0x108  Code  Gb  heap_4.o [1]
pvTaskIncrementMutexHeldCount
                        0x080097a7    0x1e  Code  Gb  tasks.o [1]
pxCurrentTCB            0x2000fc5c     0x4  Data  Gb  tasks.o [1]
pxDelayedTaskList       0x2000fc60     0x4  Data  Lc  tasks.o [1]
pxEnd                   0x2000fbc4     0x4  Data  Lc  heap_4.o [1]
pxOverflowDelayedTaskList
                        0x2000fc64     0x4  Data  Lc  tasks.o [1]
pxPortInitialiseStack   0x0800a111    0x28  Code  Gb  port.o [1]
pxReadyTasksLists       0x2000f7a8    0x8c  Data  Lc  tasks.o [1]
ram                     0x2000fc04     0x4  Data  Lc  mem.o [1]
ram_end                 0x2000fc08     0x4  Data  Lc  mem.o [1]
ram_heap                0x200090d4  0x2814  Data  Gb  mem.o [1]
rand                    0x0800ca99    0xe0  Code  Gb  rand.o [3]
reassdatagrams          0x2000fbd4     0x4  Data  Lc  ip4_frag.o [1]
recv_acked              0x2000fcee     0x2  Data  Lc  tcp_in.o [1]
recv_buf                0x20000004   0x400  Data  Gb  main.o [1]
recv_data               0x2000fcbc     0x4  Data  Lc  tcp_in.o [1]
recv_flags              0x2000fd04     0x1  Data  Lc  tcp_in.o [1]
rowEnable               0x080105a9    0x80  Code  Lc  led.o [1]
s_xSemaphore            0x2000fbc0     0x4  Data  Gb  ethernetif.o [1]
seqno                   0x2000fcb4     0x4  Data  Lc  tcp_in.o [1]
sprintf                 0x080106e5    0x34  Code  Gb  sprintf.o [3]
sscanf                  0x08011029    0x24  Code  Gb  sscanf.o [3]
strchr                  0x0800613d          Code  Gb  strchr.o [5]
strlen                  0x08006155          Code  Gb  strlen.o [5]
symbol_celsius          0x08012d24    0x20  Data  Lc  led.o [1]
symbol_degree           0x08012d64    0x20  Data  Lc  led.o [1]
symbol_percent          0x08012d44    0x20  Data  Lc  led.o [1]
sys_arch_mbox_fetch     0x0800436d    0x4c  Code  Gb  sys_arch.o [1]
sys_arch_protect        0x0800443d    0x12  Code  Gb  sys_arch.o [1]
sys_arch_unprotect      0x0800444f     0xc  Code  Gb  sys_arch.o [1]
sys_check_timeouts      0x08003cf5    0x64  Code  Gb  timeouts.o [1]
sys_init                0x080043c7     0xe  Code  Gb  sys_arch.o [1]
sys_mbox_new            0x08004329    0x2a  Code  Gb  sys_arch.o [1]
sys_mbox_trypost        0x08004353    0x1a  Code  Gb  sys_arch.o [1]
sys_mbox_valid          0x080043b9     0xe  Code  Gb  sys_arch.o [1]
sys_mutex_lock          0x080043f9     0xe  Code  Gb  sys_arch.o [1]
sys_mutex_new           0x080043d5    0x24  Code  Gb  sys_arch.o [1]
sys_mutex_unlock        0x08004407     0xa  Code  Gb  sys_arch.o [1]
sys_now                 0x08005d9f     0x8  Code  Gb  ethernetif.o [1]
sys_thread_new          0x08004411    0x2c  Code  Gb  sys_arch.o [1]
sys_timeout             0x08003c27    0xce  Code  Gb  timeouts.o [1]
sys_timeouts_init       0x08003bff    0x28  Code  Gb  timeouts.o [1]
sys_timeouts_mbox_fetch
                        0x08003d8b    0x3a  Code  Gb  timeouts.o [1]
sys_timeouts_sleeptime  0x08003d59    0x32  Code  Lc  timeouts.o [1]
tcp_abandon             0x080024e3    0xfe  Code  Gb  tcp.o [1]
tcp_abort               0x080025e1     0xa  Code  Gb  tcp.o [1]
tcp_active_pcbs         0x2000fca4     0x4  Data  Gb  tcp.o [1]
tcp_active_pcbs_changed
                        0x2000fd00     0x1  Data  Gb  tcp.o [1]
tcp_alloc               0x08002d49    0xb8  Code  Gb  tcp.o [1]
tcp_backoff             0x080134d4    0x10  Data  Lc  tcp.o [1]
tcp_bound_pcbs          0x2000fc9c     0x4  Data  Gb  tcp.o [1]
tcp_close               0x080024cb    0x18  Code  Gb  tcp.o [1]
tcp_close_shutdown      0x080022d5   0x166  Code  Lc  tcp.o [1]
tcp_close_shutdown_fin  0x0800243b    0x90  Code  Lc  tcp.o [1]
tcp_create_segment      0x080030e5    0xde  Code  Lc  tcp_out.o [1]
tcp_eff_send_mss_impl   0x08002eed    0x30  Code  Gb  tcp.o [1]
tcp_enqueue_flags       0x080031c3   0x184  Code  Gb  tcp_out.o [1]
tcp_fasttmr             0x08002ad9    0x86  Code  Gb  tcp.o [1]
tcp_getoptbyte          0x080016f1    0x48  Code  Lc  tcp_in.o [1]
tcp_init                0x0800224d     0x2  Code  Gb  tcp.o [1]
tcp_input               0x08000189   0x5e6  Code  Gb  tcp_in.o [1]
tcp_input_delayed_close
                        0x0800076f    0x42  Code  Lc  tcp_in.o [1]
tcp_input_pcb           0x2000fcc0     0x4  Data  Gb  tcp_in.o [1]
tcp_keepalive           0x08003927    0x58  Code  Gb  tcp_out.o [1]
tcp_kill_prio           0x08002c59    0x4e  Code  Lc  tcp.o [1]
tcp_kill_state          0x08002ca7    0x62  Code  Lc  tcp.o [1]
tcp_kill_timewait       0x08002d09    0x38  Code  Lc  tcp.o [1]
tcp_listen_closed       0x08002287    0x4e  Code  Lc  tcp.o [1]
tcp_listen_input        0x080007b1   0x12c  Code  Lc  tcp_in.o [1]
tcp_listen_pcbs         0x2000fca0     0x4  Data  Gb  tcp.o [1]
tcp_netif_ip_addr_changed
                        0x08002f3f    0x4a  Code  Gb  tcp.o [1]
tcp_netif_ip_addr_changed_pcblist
                        0x08002f1d    0x22  Code  Lc  tcp.o [1]
tcp_next_iss            0x08002ed1    0x14  Code  Gb  tcp.o [1]
tcp_optidx              0x2000fcec     0x2  Data  Lc  tcp_in.o [1]
tcp_output              0x080033d5   0x2c4  Code  Gb  tcp_out.o [1]
tcp_output_alloc_header
                        0x08002ff5    0xa6  Code  Lc  tcp_out.o [1]
tcp_output_segment      0x0800369d    0xba  Code  Lc  tcp_out.o [1]
tcp_parseopt            0x08001741    0x8e  Code  Lc  tcp_in.o [1]
tcp_pcb_lists           0x080134e4    0x10  Data  Gb  tcp.o [1]
tcp_pcb_purge           0x08002e01    0x48  Code  Gb  tcp.o [1]
tcp_pcb_remove          0x08002e49    0x88  Code  Gb  tcp.o [1]
tcp_persist_backoff     0x080136d8     0x8  Data  Lc  tcp.o [1]
tcp_process             0x08000991   0x5ac  Code  Lc  tcp_in.o [1]
tcp_process_refused_data
                        0x08002b7d    0x86  Code  Gb  tcp.o [1]
tcp_receive             0x08000fa9   0x748  Code  Lc  tcp_in.o [1]
tcp_recv_null           0x08002c33    0x26  Code  Gb  tcp.o [1]
tcp_recved              0x08002651    0x80  Code  Gb  tcp.o [1]
tcp_remove_listener     0x08002273    0x14  Code  Lc  tcp.o [1]
tcp_rexmit              0x08003859    0x62  Code  Gb  tcp_out.o [1]
tcp_rexmit_fast         0x080038bb    0x6c  Code  Gb  tcp_out.o [1]
tcp_rexmit_rto          0x0800381d    0x3c  Code  Gb  tcp_out.o [1]
tcp_rst                 0x08003759    0x94  Code  Gb  tcp_out.o [1]
tcp_seg_free            0x08002c15    0x1e  Code  Gb  tcp.o [1]
tcp_segs_free           0x08002c03    0x12  Code  Gb  tcp.o [1]
tcp_send_empty_ack      0x08003355    0x80  Code  Gb  tcp_out.o [1]
tcp_send_fin            0x0800309b    0x4a  Code  Gb  tcp_out.o [1]
tcp_slowtmr             0x080026dd   0x3ee  Code  Gb  tcp.o [1]
tcp_ticks               0x2000fc98     0x4  Data  Gb  tcp.o [1]
tcp_timer               0x2000fd01     0x1  Data  Lc  tcp.o [1]
tcp_timer_ctr           0x2000fd02     0x1  Data  Lc  tcp.o [1]
tcp_timer_needed        0x08003bbf    0x2c  Code  Gb  timeouts.o [1]
tcp_timewait_input      0x080008dd    0x96  Code  Lc  tcp_in.o [1]
tcp_tmr                 0x0800224f    0x24  Code  Gb  tcp.o [1]
tcp_trigger_input_pcb_close
                        0x080017d5     0xe  Code  Gb  tcp_in.o [1]
tcp_tw_pcbs             0x2000fca8     0x4  Data  Gb  tcp.o [1]
tcp_update_rcv_ann_wnd  0x080025eb    0x66  Code  Gb  tcp.o [1]
tcp_zero_window_probe   0x0800397f    0xe2  Code  Gb  tcp_out.o [1]
tcphdr                  0x2000fcac     0x4  Data  Lc  tcp_in.o [1]
tcphdr_opt1len          0x2000fcea     0x2  Data  Lc  tcp_in.o [1]
tcphdr_opt2             0x2000fcb0     0x4  Data  Lc  tcp_in.o [1]
tcphdr_optlen           0x2000fce8     0x2  Data  Lc  tcp_in.o [1]
tcpip_init              0x0801137f    0x58  Code  Gb  tcpip.o [1]
tcpip_init_done         0x2000fcc4     0x4  Data  Lc  tcpip.o [1]
tcpip_init_done_arg     0x2000fcc8     0x4  Data  Lc  tcpip.o [1]
tcpip_inpkt             0x0801130b    0x58  Code  Gb  tcpip.o [1]
tcpip_input             0x08011363    0x1c  Code  Gb  tcpip.o [1]
tcpip_tcp_timer         0x08003b95    0x2a  Code  Lc  timeouts.o [1]
tcpip_tcp_timer_active  0x2000fcdc     0x4  Data  Lc  timeouts.o [1]
tcpip_thread            0x08011271    0x9a  Code  Lc  tcpip.o [1]
tcplen                  0x2000fcf0     0x2  Data  Lc  tcp_in.o [1]
timeouts_last_time      0x2000fcd8     0x4  Data  Lc  timeouts.o [1]
ucHeap                  0x200024b0  0x3c00  Data  Lc  heap_4.o [1]
ucMaxSysCallPriority    0x2000fcff     0x1  Data  Lc  port.o [1]
udpServer_thread        0x080110c9    0x14  Code  Lc  main.o [1]
udp_bind                0x080076e9    0x8e  Code  Gb  udp.o [1]
udp_init                0x0800737d     0x2  Code  Gb  udp.o [1]
udp_input               0x08007427   0x194  Code  Gb  udp.o [1]
udp_input_local_match   0x080073d5    0x52  Code  Lc  udp.o [1]
udp_netif_ip_addr_changed
                        0x0800779d    0x32  Code  Gb  udp.o [1]
udp_new                 0x0800777d    0x20  Code  Gb  udp.o [1]
udp_new_port            0x0800737f    0x56  Code  Lc  udp.o [1]
udp_pcbs                0x2000fce0     0x4  Data  Gb  udp.o [1]
udp_port                0x200004a8     0x2  Data  Lc  udp.o [1]
udp_recv                0x08007777     0x6  Code  Gb  udp.o [1]
udp_sendto_if           0x080075bb    0x46  Code  Gb  udp.o [1]
udp_sendto_if_src       0x08007601    0xe8  Code  Gb  udp.o [1]
udp_server_init         0x08010d09    0x3a  Code  Gb  udpserver.o [1]
udp_server_receive_callback
                        0x08010d45   0x25a  Code  Lc  udpserver.o [1]
ulMaxPRIGROUPValue      0x2000fc50     0x4  Data  Lc  port.o [1]
uwTick                  0x2000fc54     0x4  Data  Gb  stm32f4xx_hal.o [1]
uwTickFreq              0x200004ab     0x1  Data  Gb  stm32f4xx_hal.o [1]
uxCriticalNesting       0x20000404     0x4  Data  Lc  port.o [1]
uxCurrentNumberOfTasks  0x2000fc6c     0x4  Data  Lc  tasks.o [1]
uxDeletedTasksWaitingCleanUp
                        0x2000fc68     0x4  Data  Lc  tasks.o [1]
uxListRemove            0x0800c897    0x26  Code  Gb  list.o [1]
uxPendedTicks           0x2000fc7c     0x4  Data  Lc  tasks.o [1]
uxSchedulerSuspended    0x2000fc94     0x4  Data  Lc  tasks.o [1]
uxTaskNumber            0x2000fc88     0x4  Data  Lc  tasks.o [1]
uxTopReadyPriority      0x2000fc74     0x4  Data  Lc  tasks.o [1]
vListInitialise         0x0800c825    0x1e  Code  Gb  list.o [1]
vListInitialiseItem     0x0800c843     0x6  Code  Gb  list.o [1]
vListInsert             0x0800c861    0x36  Code  Gb  list.o [1]
vListInsertEnd          0x0800c849    0x18  Code  Gb  list.o [1]
vPortEnableVFP          0x0800c949          Code  Gb  portasm.o [1]
vPortEnterCritical      0x0800a22f    0x3a  Code  Gb  port.o [1]
vPortExitCritical       0x0800a269    0x32  Code  Gb  port.o [1]
vPortFree               0x0800c6d1    0x74  Code  Gb  heap_4.o [1]
vPortSetupTimerInterrupt
                        0x0800a2c3    0x1a  Code  Wk  port.o [1]
vPortStartFirstTask     0x0800c931          Code  Gb  portasm.o [1]
vPortValidateInterruptPriority
                        0x0800a2dd    0x4a  Code  Gb  port.o [1]
vTaskDelay              0x08009029    0x4c  Code  Gb  tasks.o [1]
vTaskDelete             0x08008f47    0xe2  Code  Gb  tasks.o [1]
vTaskMissedYield        0x080094eb     0xa  Code  Gb  tasks.o [1]
vTaskPlaceOnEventList   0x08009381    0x2e  Code  Gb  tasks.o [1]
vTaskPriorityInherit    0x08009647    0xaa  Code  Gb  tasks.o [1]
vTaskSetTimeOutState    0x08009431    0x26  Code  Gb  tasks.o [1]
vTaskStartScheduler     0x08009075    0x66  Code  Gb  tasks.o [1]
vTaskSuspendAll         0x080090db    0x10  Code  Gb  tasks.o [1]
vTaskSwitchContext      0x08009315    0x6c  Code  Gb  tasks.o [1]
xBlockAllocatedBit      0x2000fbd0     0x4  Data  Lc  heap_4.o [1]
xDelayedTaskList1       0x2000fb34    0x14  Data  Lc  tasks.o [1]
xDelayedTaskList2       0x2000fb48    0x14  Data  Lc  tasks.o [1]
xFreeBytesRemaining     0x2000fbc8     0x4  Data  Lc  heap_4.o [1]
xHeapStructSize         0x080136ec     0x4  Data  Lc  heap_4.o [1]
xIdleTaskHandle         0x2000fc90     0x4  Data  Lc  tasks.o [1]
xMinimumEverFreeBytesRemaining
                        0x2000fbcc     0x4  Data  Lc  heap_4.o [1]
xNextTaskUnblockTime    0x2000fc8c     0x4  Data  Lc  tasks.o [1]
xNumOfOverflows         0x2000fc84     0x4  Data  Lc  tasks.o [1]
xPendingReadyList       0x2000fb5c    0x14  Data  Lc  tasks.o [1]
xPortStartScheduler     0x0800a163    0xcc  Code  Gb  port.o [1]
xPortSysTickHandler     0x0800a29b    0x28  Code  Gb  port.o [1]
xQueueCreateCountingSemaphore
                        0x080099e9    0x3c  Code  Gb  queue.o [1]
xQueueCreateMutex       0x080099cd    0x1c  Code  Gb  queue.o [1]
xQueueGenericCreate     0x08009943    0x4a  Code  Gb  queue.o [1]
xQueueGenericReceive    0x08009d47   0x1be  Code  Gb  queue.o [1]
xQueueGenericReset      0x080098b1    0x92  Code  Gb  queue.o [1]
xQueueGenericSend       0x08009a25   0x196  Code  Gb  queue.o [1]
xQueueGenericSendFromISR
                        0x08009bbb    0xd8  Code  Gb  queue.o [1]
xQueueGiveFromISR       0x08009c93    0xb4  Code  Gb  queue.o [1]
xQueueReceiveFromISR    0x08009f05    0xb2  Code  Gb  queue.o [1]
xSchedulerRunning       0x2000fc78     0x4  Data  Lc  tasks.o [1]
xStart                  0x2000fba8     0x8  Data  Lc  heap_4.o [1]
xSuspendedTaskList      0x2000fb84    0x14  Data  Lc  tasks.o [1]
xTaskCheckForTimeOut    0x08009469    0x82  Code  Gb  tasks.o [1]
xTaskCreate             0x08008d61    0x76  Code  Gb  tasks.o [1]
xTaskGetSchedulerState  0x08009627    0x20  Code  Gb  tasks.o [1]
xTaskGetTickCount       0x080091e5     0x8  Code  Gb  tasks.o [1]
xTaskGetTickCountFromISR
                        0x080091ed    0x10  Code  Gb  tasks.o [1]
xTaskIncrementTick      0x080091fd   0x118  Code  Gb  tasks.o [1]
xTaskPriorityDisinherit
                        0x080096f3    0xb4  Code  Gb  tasks.o [1]
xTaskRemoveFromEventList
                        0x080093af    0x7a  Code  Gb  tasks.o [1]
xTaskResumeAll          0x080090eb    0xfa  Code  Gb  tasks.o [1]
xTasksWaitingTermination
                        0x2000fb70    0x14  Data  Lc  tasks.o [1]
xTickCount              0x2000fc70     0x4  Data  Lc  tasks.o [1]
xYieldPending           0x2000fc80     0x4  Data  Lc  tasks.o [1]


[1] = F:\AMAE\AM1026\LED_Module\BIG_LED_update\Debug\Obj
[2] = command line
[3] = dl7M_tln.a
[4] = m7M_tls.a
[5] = rt7M_tl.a
[6] = shb_l.a

  64 752 bytes of readonly  code memory
  15 242 bytes of readonly  data memory
  64 769 bytes of readwrite data memory

Errors: none
Warnings: none
